Selected algorithm = PRIORITIZED_VALUE_ITERATION
Selected reward strategy = ONCEANDFORALL
Selected environment = Puzzle
Load classical B Machine
Load success
Exploration strategy = PREPROCESS
Start exploration
..............................Model Checking complete. No error nodes found.Total states: 181442

End of exploration 181441 | Exploration time: 14.784374045 seconds
Start learning (Prioritized Value Iteration)
Update 100 | last delta: 45.19110348808854
Update 200 | last delta: 43.66846701181422
Update 300 | last delta: 50.72199061012783
Update 400 | last delta: 46.87872591183696
Update 500 | last delta: 46.90477372958131
Update 600 | last delta: 44.72006672096087
Update 700 | last delta: 44.36725404397831
Update 800 | last delta: 46.525032543928695
Update 900 | last delta: 44.15274803930488
Update 1000 | last delta: 43.63519926570595
Update 1100 | last delta: 43.10695063349
Update 1200 | last delta: 43.06543481012784
Update 1300 | last delta: 42.81708004886479
Update 1400 | last delta: 42.66846701181422
Update 1500 | last delta: 45.14906834240327
Update 1600 | last delta: 42.25274803930488
Update 1700 | last delta: 42.80200383958048
Update 1800 | last delta: 41.89567750176479
Update 1900 | last delta: 41.69786672096087
Update 2000 | last delta: 41.46562863958048
Update 2100 | last delta: 41.25952835044575
Update 2200 | last delta: 41.06751207075625
Update 2300 | last delta: 40.891175624163644
Update 2400 | last delta: 40.746255570141
Update 2500 | last delta: 40.572294745931956
Update 2600 | last delta: 41.994748190649304
Update 2700 | last delta: 40.33238348542904
Update 2800 | last delta: 41.83572052610387
Update 2900 | last delta: 40.08356627359231
Update 3000 | last delta: 39.93881444281656
Update 3100 | last delta: 43.07183097466924
Update 3200 | last delta: 39.78555943120948
Update 3300 | last delta: 39.62074603442594
Update 3400 | last delta: 39.52053270562862
Update 3500 | last delta: 39.4963537394508
Update 3600 | last delta: 39.430746034425944
Update 3700 | last delta: 39.33973327825418
Update 3800 | last delta: 39.23878204397831
Update 3900 | last delta: 40.15965878905418
Update 4000 | last delta: 39.034323619133886
Update 4100 | last delta: 38.887214955385886
Update 4200 | last delta: 38.81938896170662
Update 4300 | last delta: 38.69308360695895
Update 4400 | last delta: 38.83381926158438
Update 4500 | last delta: 38.54049877642948
Update 4600 | last delta: 38.47808004886478
Update 4700 | last delta: 38.39671836550572
Update 4800 | last delta: 38.33546118239479
Update 4900 | last delta: 38.3716183100079
Update 5000 | last delta: 38.528754559672585
Update 5100 | last delta: 38.241784095390834
Update 5200 | last delta: 38.17208143098335
Update 5300 | last delta: 38.390071271971486
Update 5400 | last delta: 38.13197177892489
Update 5500 | last delta: 38.26978584381601
Update 5600 | last delta: 38.04179382535172
Update 5700 | last delta: 37.974378949473085
Update 5800 | last delta: 38.39666734219568
Update 5900 | last delta: 37.895892761587824
Update 6000 | last delta: 40.55430372676106
Update 6100 | last delta: 37.815919747995764
Update 6200 | last delta: 37.74271629958132
Update 6300 | last delta: 37.67730829777438
Update 6400 | last delta: 37.64342187605964
Update 6500 | last delta: 38.41268668159268
Update 6600 | last delta: 37.57766734219568
Update 6700 | last delta: 37.54729516415532
Update 6800 | last delta: 37.51019436628646
Update 6900 | last delta: 37.493987467996945
Update 7000 | last delta: 37.451286542816554
Update 7100 | last delta: 37.4044783024805
Update 7200 | last delta: 37.35390428788502
Update 7300 | last delta: 37.30189714092917
Update 7400 | last delta: 37.27038927994108
Update 7500 | last delta: 37.2099854432146
Update 7600 | last delta: 37.15643927201687
Update 7700 | last delta: 39.64074936139672
Update 7800 | last delta: 37.09986888196581
Update 7900 | last delta: 37.32935554281655
Update 8000 | last delta: 37.060393601883355
Update 8100 | last delta: 37.00512485288117
Update 8200 | last delta: 37.4492022744533
Update 8300 | last delta: 41.07960865754146
Update 8400 | last delta: 38.83749977259155
Update 8500 | last delta: 37.31420405159156
Update 8600 | last delta: 38.46122047707582
Update 8700 | last delta: 40.897146415218515
Update 8800 | last delta: 37.8974612260265
Update 8900 | last delta: 36.9497197366943
Update 9000 | last delta: 36.90400698273135
Update 9100 | last delta: 36.87335823231051
Update 9200 | last delta: 37.30192589888318
Update 9300 | last delta: 36.83087203142877
Update 9400 | last delta: 38.072985353234635
Update 9500 | last delta: 37.212028013666504
Update 9600 | last delta: 36.767402713892885
Update 9700 | last delta: 36.743496016909454
Update 9800 | last delta: 37.66655076395324
Update 9900 | last delta: 36.70304772840853
Update 10000 | last delta: 36.6904236078769
Update 10100 | last delta: 42.731622117783935
Update 10200 | last delta: 39.1458525238645
Update 10300 | last delta: 36.65730908296582
Update 10400 | last delta: 38.11689835202336
Update 10500 | last delta: 40.946629838706016
Update 10600 | last delta: 36.606715059344204
Update 10700 | last delta: 36.58262211778394
Update 10800 | last delta: 36.851273840527874
Update 10900 | last delta: 37.247472242781164
Update 11000 | last delta: 36.510718898625036
Update 11100 | last delta: 36.4960108311064
Update 11200 | last delta: 36.46420292452403
Update 11300 | last delta: 36.43967316059846
Update 11400 | last delta: 36.400022752306455
Update 11500 | last delta: 36.36064819064931
Update 11600 | last delta: 36.33306006553597
Update 11700 | last delta: 36.60932881014227
Update 11800 | last delta: 40.182842809108394
Update 11900 | last delta: 36.51650273032344
Update 12000 | last delta: 36.24327970247632
Update 12100 | last delta: 36.202405108818056
Update 12200 | last delta: 36.18244951416364
Update 12300 | last delta: 36.14760312123154
Update 12400 | last delta: 36.115692388160234
Update 12500 | last delta: 36.068796715539925
Update 12600 | last delta: 37.35729576567397
Update 12700 | last delta: 36.00582022251051
Update 12800 | last delta: 36.32437224398594
Update 12900 | last delta: 35.943971964538626
Update 13000 | last delta: 35.908646098907894
Update 13100 | last delta: 35.87802385909652
Update 13200 | last delta: 35.85639772163676
Update 13300 | last delta: 35.81971531970603
Update 13400 | last delta: 35.790071964538626
Update 13500 | last delta: 36.773080482123625
Update 13600 | last delta: 35.92856214861048
Update 13700 | last delta: 39.2127286645748
Update 13800 | last delta: 38.58236223173894
Update 13900 | last delta: 37.342076700117836
Update 14000 | last delta: 36.1019315383056
Update 14100 | last delta: 35.726945506794635
Update 14200 | last delta: 35.70543919806882
Update 14300 | last delta: 35.68476512963799
Update 14400 | last delta: 36.04147018435294
Update 14500 | last delta: 35.62748124708922
Update 14600 | last delta: 35.606299772591555
Update 14700 | last delta: 35.593404338229675
Update 14800 | last delta: 35.57038702083375
Update 14900 | last delta: 35.55023411386258
Update 15000 | last delta: 35.52191029064931
Update 15100 | last delta: 37.16439004889354
Update 15200 | last delta: 35.48655505653336
Update 15300 | last delta: 35.45843276785297
Update 15400 | last delta: 35.419139233291396
Update 15500 | last delta: 35.3921724680657
Update 15600 | last delta: 35.36835782927497
Update 15700 | last delta: 35.339967438753476
Update 15800 | last delta: 35.309976777678415
Update 15900 | last delta: 35.285476460582245
Update 16000 | last delta: 41.95816070817755
Update 16100 | last delta: 37.0347992406353
Update 16200 | last delta: 38.710850137388576
Update 16300 | last delta: 35.25031705449495
Update 16400 | last delta: 35.22521796386106
Update 16500 | last delta: 35.20696942349256
Update 16600 | last delta: 35.17459816280598
Update 16700 | last delta: 38.63808159104393
Update 16800 | last delta: 35.132656339587356
Update 16900 | last delta: 35.10605571209107
Update 17000 | last delta: 35.087231773696665
Update 17100 | last delta: 35.72772146639084
Update 17200 | last delta: 35.0484934598473
Update 17300 | last delta: 35.04358285207164
Update 17400 | last delta: 35.03126716262492
Update 17500 | last delta: 35.025623110060195
Update 17600 | last delta: 37.44707229303904
Update 17700 | last delta: 34.990738431209486
Update 17800 | last delta: 34.97001107400133
Update 17900 | last delta: 34.95538388967268
Update 18000 | last delta: 34.928360494213656
Update 18100 | last delta: 34.904968342403265
Update 18200 | last delta: 34.87531665818382
Update 18300 | last delta: 34.85546972651375
Update 18400 | last delta: 34.82950358542905
Update 18500 | last delta: 34.82188572500921
Update 18600 | last delta: 36.495141107909454
Update 18700 | last delta: 34.806631148610485
Update 18800 | last delta: 34.78150157778655
Update 18900 | last delta: 34.764905057319794
Update 19000 | last delta: 35.13298431784088
Update 19100 | last delta: 34.75154295556767
Update 19200 | last delta: 34.720720222510515
Update 19300 | last delta: 34.69722525591493
Update 19400 | last delta: 34.67390422981328
Update 19500 | last delta: 34.65931140522182
Update 19600 | last delta: 34.634569354161606
Update 19700 | last delta: 34.61183752372055
Update 19800 | last delta: 34.60347853716123
Update 19900 | last delta: 34.5877108344098
Update 20000 | last delta: 34.77918932455896
Update 20100 | last delta: 34.539514988558416
Update 20200 | last delta: 35.48701596592191
Update 20300 | last delta: 34.51168405538589
Update 20400 | last delta: 34.48284280910839
Update 20500 | last delta: 34.46424694907321
Update 20600 | last delta: 34.44307413146293
Update 20700 | last delta: 37.04049217242478
Update 20800 | last delta: 35.447318062183996
Update 20900 | last delta: 34.400299157075814
Update 21000 | last delta: 34.37814044636243
Update 21100 | last delta: 34.369167773158026
Update 21200 | last delta: 34.652092198211676
Update 21300 | last delta: 35.00964865828514
Update 21400 | last delta: 34.299321098339
Update 21500 | last delta: 34.2805236080171
Update 21600 | last delta: 34.263373631883084
Update 21700 | last delta: 34.23761686416978
Update 21800 | last delta: 34.2161561401154
Update 21900 | last delta: 34.20001049288644
Update 22000 | last delta: 34.17544737517836
Update 22100 | last delta: 34.158570492460655
Update 22200 | last delta: 34.142598992882746
Update 22300 | last delta: 34.123971271971484
Update 22400 | last delta: 34.101053758838695
Update 22500 | last delta: 34.08542055088003
Update 22600 | last delta: 34.0697054234324
Update 22700 | last delta: 34.04953327825418
Update 22800 | last delta: 34.03271605612862
Update 22900 | last delta: 34.00970038455731
Update 23000 | last delta: 33.98838820990187
Update 23100 | last delta: 33.9751281980602
Update 23200 | last delta: 33.96128177892489
Update 23300 | last delta: 33.938914897626596
Update 23400 | last delta: 34.47560278613415
Update 23500 | last delta: 33.89604355340979
Update 23600 | last delta: 33.88209020416828
Update 23700 | last delta: 33.86206549579203
Update 23800 | last delta: 33.83346585078438
Update 23900 | last delta: 33.8175203106328
Update 24000 | last delta: 33.79704652895515
Update 24100 | last delta: 33.778673354084965
Update 24200 | last delta: 33.7565023406353
Update 24300 | last delta: 33.73555029225726
Update 24400 | last delta: 33.71791531697568
Update 24500 | last delta: 33.693404338229676
Update 24600 | last delta: 33.67018395538589
Update 24700 | last delta: 33.649202274453295
Update 24800 | last delta: 33.629523907281914
Update 24900 | last delta: 33.60801780695895
Update 25000 | last delta: 33.59132694907321
Update 25100 | last delta: 33.57577316059846
Update 25200 | last delta: 33.55881672509103
Update 25300 | last delta: 33.54072401916767
Update 25400 | last delta: 33.52556840862854
Update 25500 | last delta: 33.5091150985349
Update 25600 | last delta: 33.49079534481518
Update 25700 | last delta: 33.472939100741954
Update 25800 | last delta: 33.45292689534042
Update 25900 | last delta: 33.43730274795373
Update 26000 | last delta: 33.420173317231416
Update 26100 | last delta: 33.40411146686447
Update 26200 | last delta: 33.387304380233516
Update 26300 | last delta: 34.3071450203382
Update 26400 | last delta: 33.352593779506094
Update 26500 | last delta: 33.33711678757561
Update 26600 | last delta: 33.32036965997752
Update 26700 | last delta: 33.29740955088004
Update 26800 | last delta: 33.282721935321646
Update 26900 | last delta: 33.26629921006342
Update 27000 | last delta: 33.252087831789424
Update 27100 | last delta: 33.24022147318687
Update 27200 | last delta: 33.23343675043575
Update 27300 | last delta: 33.22117576368121
Update 27400 | last delta: 33.20474776302487
Update 27500 | last delta: 33.189271899160225
Update 27600 | last delta: 34.96515321319083
Update 27700 | last delta: 33.15346124259786
Update 27800 | last delta: 33.135234414126906
Update 27900 | last delta: 33.10523860628893
Update 28000 | last delta: 36.19580385937162
Update 28100 | last delta: 33.084073489017115
Update 28200 | last delta: 33.068068586958944
Update 28300 | last delta: 33.050483879223215
Update 28400 | last delta: 33.03508820900383
Update 28500 | last delta: 33.01369491850081
Update 28600 | last delta: 32.995320346101586
Update 28700 | last delta: 32.97534779178732
Update 28800 | last delta: 32.956634881089165
Update 28900 | last delta: 32.9390276143124
Update 29000 | last delta: 32.91733642903794
Update 29100 | last delta: 32.902455798117316
Update 29200 | last delta: 32.884969624266745
Update 29300 | last delta: 32.86859446060676
Update 29400 | last delta: 32.85158680761516
Update 29500 | last delta: 32.82985477562244
Update 29600 | last delta: 32.81219385288116
Update 29700 | last delta: 32.80052789963921
Update 29800 | last delta: 32.776598533409796
Update 29900 | last delta: 32.76382106059846
Update 30000 | last delta: 32.75031383958048
Update 30100 | last delta: 32.7310788154665
Update 30200 | last delta: 32.71224788924861
Update 30300 | last delta: 32.69723920416828
Update 30400 | last delta: 33.38303761083433
Update 30500 | last delta: 32.67444990454609
Update 30600 | last delta: 32.65995162915858
Update 30700 | last delta: 32.64082521229986
Update 30800 | last delta: 32.62793908972917
Update 30900 | last delta: 32.614547008762536
Update 31000 | last delta: 32.591369659977524
Update 31100 | last delta: 32.576562473186875
Update 31200 | last delta: 32.56099100480603
Update 31300 | last delta: 32.54427298672239
Update 31400 | last delta: 32.534750327013775
Update 31500 | last delta: 32.5223293797915
Update 31600 | last delta: 32.511870785225746
Update 31700 | last delta: 32.49833195200835
Update 31800 | last delta: 32.48615598550828
Update 31900 | last delta: 32.47177095954921
Update 32000 | last delta: 32.45336784290189
Update 32100 | last delta: 32.43839624738857
Update 32200 | last delta: 32.41999562416364
Update 32300 | last delta: 32.40063181082758
Update 32400 | last delta: 32.387852255572554
Update 32500 | last delta: 32.38071926158438
Update 32600 | last delta: 32.36436721156199
Update 32700 | last delta: 32.34815415452578
Update 32800 | last delta: 32.33291054717851
Update 32900 | last delta: 32.31774110705122
Update 33000 | last delta: 32.30229383958048
Update 33100 | last delta: 32.88546841913778
Update 33200 | last delta: 32.64906627714422
Update 33300 | last delta: 32.25614176328771
Update 33400 | last delta: 32.25128177892489
Update 33500 | last delta: 33.33516697212838
Update 33600 | last delta: 32.23343269397978
Update 33700 | last delta: 32.60279117518576
Update 33800 | last delta: 32.20644963301283
Update 33900 | last delta: 32.18752109041116
Update 34000 | last delta: 32.17280455158782
Update 34100 | last delta: 32.15948107075624
Update 34200 | last delta: 32.14485721156199
Update 34300 | last delta: 32.13485403033925
Update 34400 | last delta: 32.12301156776569
Update 34500 | last delta: 32.20729499518499
Update 34600 | last delta: 32.096102759882264
Update 34700 | last delta: 32.08355842196289
Update 34800 | last delta: 32.0663764260112
Update 34900 | last delta: 32.053042242747274
Update 35000 | last delta: 33.96132114879031
Update 35100 | last delta: 34.860647324555146
Update 35200 | last delta: 32.016909360384076
Update 35300 | last delta: 32.00361647767439
Update 35400 | last delta: 31.989735576852958
Update 35500 | last delta: 31.973879498054185
Update 35600 | last delta: 31.95888218490221
Update 35700 | last delta: 31.946093151235434
Update 35800 | last delta: 31.930817248689127
Update 35900 | last delta: 31.91494579869554
Update 36000 | last delta: 31.90207567146813
Update 36100 | last delta: 32.33563507134958
Update 36200 | last delta: 0.30352828835771106
Update 36300 | last delta: 31.857308863148653
Update 36400 | last delta: 31.843181376810275
Update 36500 | last delta: 31.826211687999006
Update 36600 | last delta: 31.807387580923834
Update 36700 | last delta: 31.794301243242472
Update 36800 | last delta: 31.769819710982258
Update 36900 | last delta: 31.756546884164212
Update 37000 | last delta: 31.735225426650725
Update 37100 | last delta: 31.7238938295813
Update 37200 | last delta: 31.70810344321459
Update 37300 | last delta: 31.694159923776404
Update 37400 | last delta: 31.682007140732317
Update 37500 | last delta: 31.67048858371493
Update 37600 | last delta: 31.654806401593724
Update 37700 | last delta: 31.640341572041923
Update 37800 | last delta: 31.626405750435744
Update 37900 | last delta: 31.60930093054504
Update 38000 | last delta: 31.59379118972915
Update 38100 | last delta: 31.5805947215666
Update 38200 | last delta: 31.567231773696662
Update 38300 | last delta: 31.557605030244478
Update 38400 | last delta: 31.544272986722387
Update 38500 | last delta: 31.529120735772977
Update 38600 | last delta: 31.516674768084762
Update 38700 | last delta: 31.503890046484976
Update 38800 | last delta: 31.4860926826566
Update 38900 | last delta: 31.47302729127629
Update 39000 | last delta: 31.458250013126904
Update 39100 | last delta: 31.449482932396748
Update 39200 | last delta: 31.43461314934421
Update 39300 | last delta: 31.42239647976602
Update 39400 | last delta: 31.410091565193337
Update 39500 | last delta: 31.39643466211151
Update 39600 | last delta: 31.385768279569522
Update 39700 | last delta: 31.375400226717385
Update 39800 | last delta: 31.364393152416685
Update 39900 | last delta: 31.353324859694755
Update 40000 | last delta: 31.33644550207283
Update 40100 | last delta: 31.323619721197254
Update 40200 | last delta: 31.31396746178233
Update 40300 | last delta: 31.301798988505094
Update 40400 | last delta: 31.289293703258274
Update 40500 | last delta: 32.01338029500284
Update 40600 | last delta: 31.25892749479748
Update 40700 | last delta: 31.247009307763236
Update 40800 | last delta: 31.2290276143124
Update 40900 | last delta: 31.21690159246066
Update 41000 | last delta: 31.207294995184988
Update 41100 | last delta: 31.19290669298609
Update 41200 | last delta: 31.178314369329723
Update 41300 | last delta: 31.16806858695894
Update 41400 | last delta: 31.15239245910091
Update 41500 | last delta: 31.13458395548032
Update 41600 | last delta: 31.11745884238487
Update 41700 | last delta: 31.103575637549614
Update 41800 | last delta: 31.092265801742514
Update 41900 | last delta: 31.079150709502564
Update 42000 | last delta: 31.064667988587942
Update 42100 | last delta: 31.052328590050156
Update 42200 | last delta: 31.042300787775723
Update 42300 | last delta: 31.03115014626992
Update 42400 | last delta: 31.02036519490975
Update 42500 | last delta: 31.009150956115164
Update 42600 | last delta: 30.99696022861493
Update 42700 | last delta: 31.9319932986611
Update 42800 | last delta: 30.971920629158575
Update 42900 | last delta: 30.96051031778626
Update 43000 | last delta: 30.952624066914222
Update 43100 | last delta: 30.94298090488273
Update 43200 | last delta: 30.929797182318353
Update 43300 | last delta: 30.91417774907753
Update 43400 | last delta: 30.901110369233887
Update 43500 | last delta: 30.889669289057082
Update 43600 | last delta: 30.878842234230305
Update 43700 | last delta: 30.870100226853634
Update 43800 | last delta: 30.86035970247632
Update 43900 | last delta: 30.845605184235023
Update 44000 | last delta: 30.83154974178948
Update 44100 | last delta: 30.817606737895062
Update 44200 | last delta: 30.801701705974903
Update 44300 | last delta: 30.79148383611189
Update 44400 | last delta: 30.780510069093317
Update 44500 | last delta: 30.766974855571387
Update 44600 | last delta: 30.753466234056663
Update 44700 | last delta: 30.741901685528518
Update 44800 | last delta: 30.72845362539032
Update 44900 | last delta: 30.719454220035782
Update 45000 | last delta: 30.708064597936243
Update 45100 | last delta: 30.69541360353445
Update 45200 | last delta: 31.17448178073295
Update 45300 | last delta: 30.668612378117984
Update 45400 | last delta: 30.65592179400982
Update 45500 | last delta: 30.641673277225575
Update 45600 | last delta: 30.62688043154654
Update 45700 | last delta: 30.61601337731526
Update 45800 | last delta: 30.60372867512794
Update 45900 | last delta: 30.591869864566178
Update 46000 | last delta: 30.57579245426813
Update 46100 | last delta: 30.559884940901885
Update 46200 | last delta: 30.54756478053388
Update 46300 | last delta: 30.531735014546083
Update 46400 | last delta: 30.515568773196186
Update 46500 | last delta: 30.499914897626592
Update 46600 | last delta: 30.485385970496115
Update 46700 | last delta: 30.4737692236947
Update 46800 | last delta: 30.46353936316569
Update 46900 | last delta: 30.448639646233083
Update 47000 | last delta: 30.435639522602756
Update 47100 | last delta: 30.424730965918457
Update 47200 | last delta: 30.407970933919852
Update 47300 | last delta: 30.39479200031306
Update 47400 | last delta: 30.3822020808994
Update 47500 | last delta: 30.369788699208023
Update 47600 | last delta: 30.35283448669083
Update 47700 | last delta: 30.33742655072746
Update 47800 | last delta: 30.324172468065697
Update 47900 | last delta: 30.31367627033673
Update 48000 | last delta: 30.298516190520143
Update 48100 | last delta: 30.2815267381588
Update 48200 | last delta: 30.267385912593717
Update 48300 | last delta: 30.256694144906383
Update 48400 | last delta: 30.240991493081467
Update 48500 | last delta: 30.23088577643466
Update 48600 | last delta: 30.21799606174727
Update 48700 | last delta: 30.206791195900358
Update 48800 | last delta: 30.197124119167665
Update 48900 | last delta: 30.187883293594467
Update 49000 | last delta: 30.174493427352765
Update 49100 | last delta: 30.15939401360907
Update 49200 | last delta: 30.152546945951663
Update 49300 | last delta: 30.14168582440327
Update 49400 | last delta: 30.131498863604637
Update 49500 | last delta: 30.118455769775363
Update 49600 | last delta: 30.10578560319753
Update 49700 | last delta: 30.09610372676105
Update 49800 | last delta: 30.086425840907506
Update 49900 | last delta: 31.017220223609073
Update 50000 | last delta: 30.06174314895346
Update 50100 | last delta: 30.04967706709341
Update 50200 | last delta: 30.039997819320632
Update 50300 | last delta: 30.02277700421942
Update 50400 | last delta: 30.011910290649304
Update 50500 | last delta: 29.99910493113508
Update 50600 | last delta: 29.983183948932293
Update 50700 | last delta: 29.97134066085402
Update 50800 | last delta: 29.960089424581803
Update 50900 | last delta: 29.947171719608313
Update 51000 | last delta: 29.934259445357757
Update 51100 | last delta: 29.921158437845573
Update 51200 | last delta: 29.912253078516436
Update 51300 | last delta: 29.897462870548196
Update 51400 | last delta: 29.884934432498447
Update 51500 | last delta: 29.876814614114398
Update 51600 | last delta: 29.867392268231487
Update 51700 | last delta: 29.857536992882736
Update 51800 | last delta: 29.847784263592306
Update 51900 | last delta: 29.833933837640007
Update 52000 | last delta: 29.82306415271759
Update 52100 | last delta: 29.808098484700885
Update 52200 | last delta: 29.798488397475708
Update 52300 | last delta: 29.790817760409578
Update 52400 | last delta: 29.77780480420321
Update 52500 | last delta: 29.76577539078805
Update 52600 | last delta: 29.755872927135684
Update 52700 | last delta: 29.741901685528518
Update 52800 | last delta: 29.729724648657914
Update 52900 | last delta: 29.72366263501551
Update 53000 | last delta: 29.71055058547362
Update 53100 | last delta: 29.70149972381495
Update 53200 | last delta: 29.68786438777657
Update 53300 | last delta: 29.674553544985933
Update 53400 | last delta: 29.664137437257466
Update 53500 | last delta: 32.82730178077708
Update 53600 | last delta: 29.649970486174716
Update 53700 | last delta: 29.639574695825303
Update 53800 | last delta: 29.629468727011197
Update 53900 | last delta: 29.618651531041376
Update 54000 | last delta: 31.392530643105168
Update 54100 | last delta: 29.60227083924876
Update 54200 | last delta: 29.58745008965459
Update 54300 | last delta: 29.574583338248765
Update 54400 | last delta: 29.564430291218162
Update 54500 | last delta: 29.548607392555517
Update 54600 | last delta: 29.837191203332292
Update 54700 | last delta: 29.518499324558952
Update 54800 | last delta: 29.508056832151798
Update 54900 | last delta: 29.497285915684095
Update 55000 | last delta: 29.484867859473084
Update 55100 | last delta: 29.472719067752795
Update 55200 | last delta: 29.46103411374574
Update 55300 | last delta: 29.453439725343436
Update 55400 | last delta: 29.441946250238328
Update 55500 | last delta: 29.42903733421924
Update 55600 | last delta: 29.41514616415531
Update 55700 | last delta: 29.403693675936754
Update 55800 | last delta: 29.974263677522917
Update 55900 | last delta: 29.581005542999844
Update 56000 | last delta: 29.37521530895515
Update 56100 | last delta: 29.364791422705412
Update 56200 | last delta: 29.352857311491423
Update 56300 | last delta: 29.342372604440893
Update 56400 | last delta: 29.327282711879914
Update 56500 | last delta: 29.31915002897591
Update 56600 | last delta: 29.312286141354363
Update 56700 | last delta: 29.303236494569347
Update 56800 | last delta: 29.285486930236193
Update 56900 | last delta: 29.274167362210164
Update 57000 | last delta: 29.260508596326996
Update 57100 | last delta: 29.251874682508284
Update 57200 | last delta: 29.24151832006019
Update 57300 | last delta: 29.232241485429036
Update 57400 | last delta: 29.219181016401176
Update 57500 | last delta: 29.23647384805024
Update 57600 | last delta: 29.196611473186866
Update 57700 | last delta: 29.188302747953728
Update 57800 | last delta: 29.179476211268806
Update 57900 | last delta: 29.168125311925504
Update 58000 | last delta: 29.15881322764748
Update 58100 | last delta: 29.148292719492108
Update 58200 | last delta: 29.138921840977854
Update 58300 | last delta: 29.133053681449105
Update 58400 | last delta: 29.125473070927566
Update 58500 | last delta: 29.11487821006342
Update 58600 | last delta: 29.100395276700848
Update 58700 | last delta: 29.088959819115388
Update 58800 | last delta: 29.077976898786535
Update 58900 | last delta: 29.217779434181
Update 59000 | last delta: 29.05570271120439
Update 59100 | last delta: 29.048686877993156
Update 59200 | last delta: 29.084631022661558
Update 59300 | last delta: 29.02649017732065
Update 59400 | last delta: 29.017220223609073
Update 59500 | last delta: 29.007583151235433
Update 59600 | last delta: 29.00096530620354
Update 59700 | last delta: 28.989897141428763
Update 59800 | last delta: 28.977843855191853
Update 59900 | last delta: 28.9635697853594
Update 60000 | last delta: 28.953174392831716
Update 60100 | last delta: 28.94164269106987
Update 60200 | last delta: 29.0383657817017
Update 60300 | last delta: 28.92095124398593
Update 60400 | last delta: 28.90960868625212
Update 60500 | last delta: 27.948969214487814
