Selected algorithm = BACKWARD_INDUCTION
Selected reward strategy = EMBEDDED
Selected environment = autoV2embedded
Load classical B Machine
Load success
Exploration strategy = PREPROCESS
Start exploration
.Model Checking complete. No error nodes found.Total states: 2831

End of exploration 2830 | Exploration time: 0.427080529 seconds
Start learning (Backward Induction / Finite Horizon DP)
Horizon step: 1 | max delta: 10000.0
Horizon step: 2 | max delta: 9000.0
Horizon step: 3 | max delta: 1458.0
Horizon step: 4 | max delta: 1071.6300000000006
Horizon step: 5 | max delta: 951.3449999999993
Horizon step: 6 | max delta: 844.4007000000001
Horizon step: 7 | max delta: 749.3318100000006
Horizon step: 8 | max delta: 664.8326910000005
Horizon step: 9 | max delta: 589.7400776999984
Execution time (Backward Induction): 4.790487539 seconds
Nb states discovered (env): 2830
Interactive play is only supported for TicTacToe. Skipping step-by-step display.
