Selected algorithm = BACKWARD_INDUCTION
Selected reward strategy = ONCEANDFORALL
Selected environment = Mountain_Car
Load classical B Machine
Load success
Exploration strategy = PREPROCESS
Start exploration
........Model Checking complete. No error nodes found.Total states: 12049

End of exploration 12048 | Exploration time: 3.580349515 seconds
Start learning (Backward Induction / Finite Horizon DP)
Horizon step: 1 | max delta: 10000.0
Horizon step: 2 | max delta: 9000.0
Horizon step: 3 | max delta: 8099.999999999999
Horizon step: 4 | max delta: 7289.999999999999
Horizon step: 5 | max delta: 6560.999999999999
Horizon step: 6 | max delta: 5904.9
Horizon step: 7 | max delta: 5314.409999999999
Horizon step: 8 | max delta: 4782.968999999999
Horizon step: 9 | max delta: 4304.672099999999
Execution time (Backward Induction): 190.45666042 seconds
Nb states discovered (env): 12048
Interactive play is only supported for TicTacToe. Skipping step-by-step display.
