Selected algorithm = PRIORITIZED_VALUE_ITERATION
Selected reward strategy = EMBEDDED
Selected environment = autoV2embedded
Load classical B Machine
Load success
Exploration strategy = RECURSIVE
Start exploration

End of exploration 2830 | Exploration time: 1.69909295 seconds
Start learning (Prioritized Value Iteration)
Update 100 | last delta: 1730.0
Update 200 | last delta: 2925.0
Update 300 | last delta: 1490.0
Update 400 | last delta: 2655.0
Update 500 | last delta: 1430.0
Update 600 | last delta: 1390.0
Update 700 | last delta: 1359.0
Update 800 | last delta: 2187.0
Update 900 | last delta: 2165.0
Update 1000 | last delta: 1290.0
Update 1100 | last delta: 2065.35
Update 1200 | last delta: 2377.6900000000005
Update 1300 | last delta: 1215.0
Update 1400 | last delta: 1206.9
Update 1500 | last delta: 2556.73
Update 1600 | last delta: 2562.5
Update 1700 | last delta: 1158.3000000000002
Update 1800 | last delta: 1500.63
Update 1900 | last delta: 1125.9
Update 2000 | last delta: 1196.4700000000003
Update 2100 | last delta: 1089.0
Update 2200 | last delta: 2069.0
Update 2300 | last delta: 1057.0499999999997
Update 2400 | last delta: 998.73
Update 2500 | last delta: 759.1989999999996
Update 2600 | last delta: 2759.3
Update 2700 | last delta: 2796.023
Update 2800 | last delta: 4982.573626061972
Update 2900 | last delta: 5668.084637110198
Update 3000 | last delta: 8284.964961574105
Update 3100 | last delta: 7970.418958217571
Update 3200 | last delta: 7402.071742788817
Update 3300 | last delta: 6429.861639294987
Update 3400 | last delta: 5493.8457803266065
Update 3500 | last delta: 4671.121878486549
Update 3600 | last delta: 4063.9273742939477
Update 3700 | last delta: 3865.7967521842265
Update 3800 | last delta: 3305.707499284071
Update 3900 | last delta: 3585.2549591270267
Update 4000 | last delta: 2846.3162634557757
Update 4100 | last delta: 2496.8803244639075
Update 4200 | last delta: 2861.439469844082
Update 4300 | last delta: 547.1463257873411
Update 4400 | last delta: 1422.5078672773825
Update 4500 | last delta: 1141.6006546402032
Update 4600 | last delta: 998.73
Update 4700 | last delta: 980.0999999999999
Update 4800 | last delta: 967.3425962782858
Update 4900 | last delta: 951.3449999999993
Update 5000 | last delta: 940.4100000000003
Update 5100 | last delta: 938.223
Update 5200 | last delta: 925.1010000000006
Update 5300 | last delta: 911.9789999999998
Update 5400 | last delta: 911.9789999999998
Update 5500 | last delta: 993.8890000000001
Update 5600 | last delta: 885.7350000000006
Update 5700 | last delta: 872.6129999999998
Update 5800 | last delta: 985.7640999999999
Update 5900 | last delta: 595.8301000000001
Update 6000 | last delta: 1468.4431
Update 6100 | last delta: 838.3500000000004
Update 6200 | last delta: 832.590900000001
Update 6300 | last delta: 1415.547
Update 6400 | last delta: 5.834435796667094
Update 6500 | last delta: 808.9713000000002
Update 6600 | last delta: 801.9000000000001
Update 6700 | last delta: 794.6099999999997
Update 6800 | last delta: 785.3516999999993
Update 6900 | last delta: 773.5419000000002
Update 7000 | last delta: 767.6369999999988
Update 7100 | last delta: 754.5150000000003
Update 7200 | last delta: 749.9223000000002
Update 7300 | last delta: 738.7029899999989
Update 7400 | last delta: 738.1125000000011
Update 7500 | last delta: 728.0741699999999
Update 7600 | last delta: 34.30605430124706
Update 7700 | last delta: 714.4929000000002
Update 7800 | last delta: 706.8165299999991
Update 7900 | last delta: 1459.8795026570235
Update 8000 | last delta: 690.8732999999984
Update 8100 | last delta: 685.5588900000002
Update 8200 | last delta: 674.9300700000013
Update 8300 | last delta: 667.2537000000011
Update 8400 | last delta: 664.3012500000004
Update 8500 | last delta: 655.2667529999999
Update 8600 | last delta: 227.35888999999952
Update 8700 | last delta: 636.1348769999995
Update 8800 | last delta: 636.1348769999995
Update 8900 | last delta: 631.8243000000002
Update 9000 | last delta: 625.1672368315901
Update 9100 | last delta: 617.003001
Update 9200 | last delta: 34.307090000000244
Update 9300 | last delta: 600.528330000001
Update 9400 | last delta: 597.8711249999997
Update 9500 | last delta: 589.7400776999966
Update 9600 | last delta: 581.130733500002
Update 9700 | last delta: 847.9298910999987
Update 9800 | last delta: 572.5213892999991
Update 9900 | last delta: 1131.4378890000007
Update 10000 | last delta: 280.6750628389873
Update 10100 | last delta: 555.3027009000007
Update 10200 | last delta: 549.1557000000003
Update 10300 | last delta: 540.4754970000013
Update 10400 | last delta: 538.0840124999995
Update 10500 | last delta: 484.2756112499992
Update 10600 | last delta: 523.0176601500025
Update 10700 | last delta: 520.8653240999993
Update 10800 | last delta: 512.2559799000019
Update 10900 | last delta: 553.9181435999999
Update 11000 | last delta: 503.6466356999981
Update 11100 | last delta: 499.7724308100005
Update 11200 | last delta: 495.03729150000163
Update 11300 | last delta: 451.9905705000001
Update 11400 | last delta: 484.2756112499992
Update 11500 | last delta: 460.5999147000002
Update 11600 | last delta: 469.20925890000035
Update 11700 | last delta: 430.03674278999915
Update 11800 | last delta: 461.0303819100018
Update 11900 | last delta: 456.7687565310007
Update 12000 | last delta: 453.2819721299975
Update 12100 | last delta: 449.79518772900155
Update 12200 | last delta: 442.8216189270024
Update 12300 | last delta: 437.7851525700007
Update 12400 | last delta: 432.4024542810366
Update 12500 | last delta: 428.8744813229987
Update 12600 | last delta: 422.2883330100003
Update 12700 | last delta: 418.0987461982945
Update 12800 | last delta: 414.53992323000057
Update 12900 | last delta: 407.95377491699855
Update 13000 | last delta: 927.6985503832493
Update 13100 | last delta: 400.98020611500124
Update 13200 | last delta: 515.4622807819997
Update 13300 | last delta: 392.2632451124973
Update 13400 | last delta: 387.0330685109984
Update 13500 | last delta: 385.98703319069864
Update 13600 | last delta: 379.71082126889996
Update 13700 | last delta: 373.4346093471013
Update 13800 | last delta: 341.73973914200906
Update 13900 | last delta: 366.1123621049992
Update 14000 | last delta: 360.8821855035021
Update 14100 | last delta: 358.6855113308702
Update 14200 | last delta: 354.6059735816998
Update 14300 | last delta: 348.67844010000044
Update 14400 | last delta: 347.38832987163187
Update 14500 | last delta: 342.0535497381006
Update 14600 | last delta: 339.2187237671469
Update 14700 | last delta: 505.0828103037702
Update 14800 | last delta: 330.4425576827671
Update 14900 | last delta: 324.79396695315336
Update 15000 | last delta: 320.6126563696216
Update 15100 | last delta: 317.733228541123
Update 15200 | last delta: 313.49678549390956
Update 15300 | last delta: 312.64949688446904
Update 15400 | last delta: 307.5657652278078
Update 15500 | last delta: 305.2968513904325
Update 15600 | last delta: 302.1996040346694
Update 15700 | last delta: 297.3983019144889
Update 15800 | last delta: 271.9796436312017
Update 15900 | last delta: 287.2308386011782
Update 16000 | last delta: 285.959905687012
Update 16100 | last delta: 282.1471069445197
Update 16200 | last delta: 281.38454719602305
Update 16300 | last delta: 276.8091887050268
Update 16400 | last delta: 274.7671662513876
Update 16500 | last delta: 271.97964363120263
Update 16600 | last delta: 267.65847172304166
Update 16700 | last delta: 266.895911974545
Update 16800 | last delta: 259.14906368428205
Update 16900 | last delta: 254.18658283290097
Update 17000 | last delta: 253.93239625006754
Update 17100 | last delta: 0.4375580673413424
Update 17200 | last delta: 249.12826983452396
Update 17300 | last delta: 206.45329016890628
Update 17400 | last delta: 244.78167926808055
Update 17500 | last delta: 240.81901975094024
Update 17600 | last delta: 236.77480190885035
Update 17700 | last delta: 232.65697926695248
Update 17800 | last delta: 228.76792454960923
Update 17900 | last delta: 224.42133398316673
Update 18000 | last delta: 224.2154428510712
Update 18100 | last delta: 221.91729016890622
Update 18200 | last delta: 220.3035113412734
Update 18300 | last delta: 216.80336209566485
Update 18400 | last delta: 216.1856886993828
Update 18500 | last delta: 210.5999999999999
Update 18600 | last delta: 10.408652437527053
Update 18700 | last delta: 205.68524096255533
Update 18800 | last delta: 201.97920058485033
Update 18900 | last delta: 200.30526419726357
Update 19000 | last delta: 198.27316020714534
Update 19100 | last delta: 195.12302588609782
Update 19200 | last delta: 194.5671198294458
Update 19300 | last delta: 175.1104078465014
Update 19400 | last delta: 185.30201888518422
Update 19500 | last delta: 185.1167168662996
Update 19600 | last delta: 181.78128052636566
Update 19700 | last delta: 180.27473777753676
Update 19800 | last delta: 178.4458441864299
Update 19900 | last delta: 175.1104078465014
Update 20000 | last delta: 172.60883059155094
Update 20100 | last delta: 169.60693788561002
Update 20200 | last delta: 166.7718169966647
Update 20300 | last delta: 163.60315247373
Update 20400 | last delta: 162.247263999785
Update 20500 | last delta: 160.60125976778727
Update 20600 | last delta: 157.5993670618518
Update 20700 | last delta: 155.34794753239476
Update 20800 | last delta: 219.11703204151308
Update 20900 | last delta: 149.94454066170147
Update 21000 | last delta: 147.24283722635664
Update 21100 | last delta: 146.02253759980704
Update 21200 | last delta: 144.54113379100818
Update 21300 | last delta: 141.839430355667
Update 21400 | last delta: 137.38161968734494
Update 21500 | last delta: 135.08517176729765
Update 21600 | last delta: 134.41501314418701
Update 21700 | last delta: 132.51150157358006
Update 21800 | last delta: 130.58695477269157
Update 21900 | last delta: 127.65548732010029
Update 22000 | last delta: 125.16038649708935
Update 22100 | last delta: 121.57665459056807
Update 22200 | last delta: 31.27228705114885
Update 22300 | last delta: 119.11893809552203
Update 22400 | last delta: 117.60236376861053
Update 22500 | last delta: 114.88993858809044
Update 22600 | last delta: 102.67997456260127
Update 22700 | last delta: 109.4189891315109
Update 22800 | last delta: 107.33431627460232
Update 22900 | last delta: 106.0272239748183
Update 23000 | last delta: 103.40094472928286
Update 23100 | last delta: 101.37991306264303
Update 23200 | last delta: 98.4770902183609
Update 23300 | last delta: 95.80538691923357
Update 23400 | last delta: 94.83343788027923
Update 23500 | last delta: 92.41197710634151
Update 23600 | last delta: 13.539341500792943
Update 23700 | last delta: 86.83770587163599
Update 23800 | last delta: 85.73212318731657
Update 23900 | last delta: 82.73086511411111
Update 24000 | last delta: 79.76644307687093
Update 24100 | last delta: 78.13224446054642
Update 24200 | last delta: 76.30381512187341
Update 24300 | last delta: 73.63877558435797
Update 24400 | last delta: 76.16566620175581
Update 24500 | last delta: 69.8421270641229
Update 24600 | last delta: 67.17712462266536
Update 24700 | last delta: 68.54909958158169
Update 24800 | last delta: 63.30468758042116
Update 24900 | last delta: 61.69418962342388
Update 25000 | last delta: 59.86382486436014
Update 25100 | last delta: 57.27490480189181
Update 25200 | last delta: 56.57212292193981
Update 25300 | last delta: 55.199766683233975
Update 25400 | last delta: 52.450999739399776
Update 25500 | last delta: 51.27679694014114
Update 25600 | last delta: 49.97229359497396
Update 25700 | last delta: 48.48969814013026
Update 25800 | last delta: 46.25546659887004
Update 25900 | last delta: 44.975064235476566
Update 26000 | last delta: 43.2600810153599
Update 26100 | last delta: 41.62991993898231
Update 26200 | last delta: 40.477557811928364
Update 26300 | last delta: 39.13466453532669
Update 26400 | last delta: 37.466927945083626
Update 26500 | last delta: 36.42980203073603
Update 26600 | last delta: 35.10298426376039
Update 26700 | last delta: 33.72023515057481
Update 26800 | last delta: 10.100761778618107
Update 26900 | last delta: 31.593072377294448
Update 27000 | last delta: 31.26286778100257
Update 27100 | last delta: 30.278435825184374
Update 27200 | last delta: 28.715421238714953
Update 27300 | last delta: 28.13658100290195
Update 27400 | last delta: 27.31339047196161
Update 27500 | last delta: 45.59025848696456
Update 27600 | last delta: 44.65603935032232
Update 27700 | last delta: 36.17139187376142
Update 27800 | last delta: 32.55425268638464
Update 27900 | last delta: 30.154085948961438
Update 28000 | last delta: 26.408099456587024
Update 28100 | last delta: 39.13442232284433
Update 28200 | last delta: 31.698882081504053
Update 28300 | last delta: 28.52899387335492
Update 28400 | last delta: 43.48269146982784
Update 28500 | last delta: 26.277111266369502
Update 28600 | last delta: 25.676094486017973
Update 28700 | last delta: 25.322922902610117
Update 28800 | last delta: 24.42480961865658
Update 28900 | last delta: 23.108628061465026
Update 29000 | last delta: 22.79063061235138
Update 29100 | last delta: 5.9643988226562215
Update 29200 | last delta: 21.537388749164165
Update 29300 | last delta: 20.79763653367263
Update 29400 | last delta: 20.51156755111515
Update 29500 | last delta: 19.803205494543818
Update 29600 | last delta: 19.026806585528902
Update 29700 | last delta: 18.460410796005817
Update 29800 | last delta: 18.46041079600127
Update 29900 | last delta: 17.805686212000182
Update 30000 | last delta: 16.846085592276722
Update 30100 | last delta: 16.614369716403417
Update 30200 | last delta: 16.025117590802438
Update 30300 | last delta: 15.145377855467359
Update 30400 | last delta: 14.95293274476262
Update 30500 | last delta: 20.415505176886654
Update 30600 | last delta: 16.536559193278663
Update 30700 | last delta: 14.482081992031908
Update 30800 | last delta: 19.41709248850566
Update 30900 | last delta: 26.266935947378443
Update 31000 | last delta: 17.47538323965273
Update 31100 | last delta: 13.457639470287177
Update 31200 | last delta: 13.394612946556663
Update 31300 | last delta: 12.980345248551203
Update 31400 | last delta: 12.111875523259187
Update 31500 | last delta: 12.055151651900815
Update 31600 | last delta: 11.682310723694172
Update 31700 | last delta: 10.900687970932495
Update 31800 | last delta: 10.849636486708732
Update 31900 | last delta: 5.635871222344576
Update 32000 | last delta: 9.81061917383795
Update 32100 | last delta: 9.462671686193062
Update 32200 | last delta: 1.2280168258603226
Update 32300 | last delta: 8.829557256454791
Update 32400 | last delta: 8.769979209089797
Update 32500 | last delta: 6.208458893310308
Update 32600 | last delta: 7.946601530808948
Update 32700 | last delta: 7.892981288181545
Update 32800 | last delta: 7.500573182092239
Update 32900 | last delta: 7.1519413777277805
Update 33000 | last delta: 7.103683159364664
Update 33100 | last delta: 6.898287659233574
Update 33200 | last delta: 6.436747239955366
Update 33300 | last delta: 6.393314843428016
Update 33400 | last delta: 6.208458893311217
Update 33500 | last delta: 5.793072515960375
Update 33600 | last delta: 5.7659416641317875
Update 33700 | last delta: 8.821234786413697
Update 33800 | last delta: 5.483960431334708
Update 33900 | last delta: 5.189347497721428
Update 34000 | last delta: 5.178585023175401
Update 34100 | last delta: 5.028851703581495
Update 34200 | last delta: 4.692388737928013
Update 34300 | last delta: 4.660726520859498
Update 34400 | last delta: 4.5887361652848995
Update 34500 | last delta: 4.442007949379331
Update 34600 | last delta: 4.203371473152572
Update 34700 | last delta: 4.194653868769819
Update 34800 | last delta: 4.073369879899474
Update 34900 | last delta: 3.8008348777207175
Update 35000 | last delta: 3.7751884818944745
Update 35100 | last delta: 6.904256687008456
Update 35200 | last delta: 3.942526171391364
Update 35300 | last delta: 3.598026439000023
Update 35400 | last delta: 3.4047308932540545
Update 35500 | last delta: 3.3451886644943443
Update 35600 | last delta: 3.2994296027191012
Update 35700 | last delta: 3.078676250955141
Update 35800 | last delta: 3.0579026703344425
Update 35900 | last delta: 3.0106697980436365
Update 36000 | last delta: 2.914401415589964
Update 36100 | last delta: 2.7578320235352294
Update 36200 | last delta: 2.7096028182395457
Update 36300 | last delta: 2.672537978202854
Update 36400 | last delta: 2.4937277632736823
Update 36500 | last delta: 2.4769011629705346
Update 36600 | last delta: 2.4386425364155
Update 36700 | last delta: 2.36066514662798
Update 36800 | last delta: 2.2338439390618987
Update 36900 | last delta: 2.1947782827737683
Update 37000 | last delta: 2.164755762344157
Update 37100 | last delta: 2.010459545158028
Update 37200 | last delta: 0.1343683597224299
Update 37300 | last delta: 1.975300454495482
Update 37400 | last delta: 1.187156256819435
Update 37500 | last delta: 1.7777704090476618
Update 37600 | last delta: 1.7777704090458428
Update 37700 | last delta: 0.1343683597224299
Update 37800 | last delta: 1.5999933681432594
Update 37900 | last delta: 1.599993368140531
Update 38000 | last delta: 1.465625008419238
Update 38100 | last delta: 1.4399940313287516
Update 38200 | last delta: 1.4202962556737475
Update 38300 | last delta: 1.3190625075776552
Update 38400 | last delta: 1.2959946281953307
Update 38500 | last delta: 1.2959946281944212
Update 38600 | last delta: 1.254554246188036
Update 38700 | last delta: 1.1663951653763434
Update 38800 | last delta: 1.1663951653754339
Update 38900 | last delta: 1.1504399670957355
Update 39000 | last delta: 1.1134858391499165
Update 39100 | last delta: 1.0497556488389819
Update 39200 | last delta: 1.0497556488380724
Update 39300 | last delta: 1.035395970386162
Update 39400 | last delta: 1.0161889394130412
Update 39500 | last delta: 0.9447800839552656
Update 39600 | last delta: 0.9447800839552656
Update 39700 | last delta: 0.9318563733495466
Update 39800 | last delta: 0.914570045475557
Update 39900 | last delta: 0.5578831917737261
Update 40000 | last delta: 0.850302075559739
Update 40100 | last delta: 0.8503020755588295
Update 40200 | last delta: 0.8386707360114087
Update 40300 | last delta: 0.823113040924909
Update 40400 | last delta: 0.7652718680037651
Update 40500 | last delta: 0.7652718680037651
Update 40600 | last delta: 0.7548036624120869
Update 40700 | last delta: 0.7408017368352375
Update 40800 | last delta: 0.042166215060206014
Update 40900 | last delta: 0.6887446812033886
Update 41000 | last delta: 0.6887446812015696
Update 41100 | last delta: 0.486040019536631
Update 41200 | last delta: 0.6667215631487124
Update 41300 | last delta: 0.6198702130823222
Update 41400 | last delta: 0.6113909665546089
Update 41500 | last delta: 0.6000494068375701
Update 41600 | last delta: 0.6000494068339322
Update 41700 | last delta: 0.5578831917737261
Update 41800 | last delta: 0.5502518698976928
Update 41900 | last delta: 0.5400444661518122
Update 42000 | last delta: 0.5167791903140824
Update 42100 | last delta: 0.5020948725959897
Update 42200 | last delta: 0.4899999996132465
Update 42300 | last delta: 0.4860400195357215
Update 42400 | last delta: 0.4518853853371638
Update 42500 | last delta: 0.45188538533511746
Update 42600 | last delta: 0.43743601758433215
Update 42700 | last delta: 0.43743601758251316
Update 42800 | last delta: 0.4066968468032428
Update 42900 | last delta: 0.401133613156162
Update 43000 | last delta: 0.39369241582426184
Update 43100 | last delta: 0.3767320297392871
Update 43200 | last delta: 0.36602716212200903
Update 43300 | last delta: 0.35720999971817946
Update 43400 | last delta: 0.35432317424147186
Update 43500 | last delta: 0.32942444591117237
Update 43600 | last delta: 0.3294244459084439
Update 43700 | last delta: 0.32491822665542713
Update 43800 | last delta: 0.3188908568181432
Update 43900 | last delta: 0.027665253701343318
Update 44000 | last delta: 0.296482001318509
Update 44100 | last delta: 0.2924264039893387
Update 44200 | last delta: 0.2870017711359196
Update 44300 | last delta: 0.2715832729882095
Update 44400 | last delta: 0.2668338011862943
Update 44500 | last delta: 0.2583015940235782
Update 44600 | last delta: 0.2471738847116285
Update 44700 | last delta: 0.24015042106930196
Update 44800 | last delta: 0.23707034477229172
Update 44900 | last delta: 0.2324714346214023
Update 45000 | last delta: 0.2224564962407385
Update 45100 | last delta: 0.2161353789624627
Update 45200 | last delta: 0.21336331029306166
Update 45300 | last delta: 0.2092242911593587
Update 45400 | last delta: 0.2002108466158461
Update 45500 | last delta: 0.19452184106580717
Update 45600 | last delta: 0.1920269792635736
Update 45700 | last delta: 0.18830186204286292
Update 45800 | last delta: 0.18018976195435243
Update 45900 | last delta: 0.17506965695892518
Update 46000 | last delta: 0.1728242813369434
Update 46100 | last delta: 0.16947167583839473
Update 46200 | last delta: 0.16217078575664345
Update 46300 | last delta: 0.15756269126268307
Update 46400 | last delta: 0.13727205742725346
Update 46500 | last delta: 0.1525245082539186
Update 46600 | last delta: 0.14595370717870537
Update 46700 | last delta: 0.1399876678851797
Update 46800 | last delta: 0.13727205743271043
Update 46900 | last delta: 0.13308951563794835
Update 47000 | last delta: 0.12762577992270963
Update 47100 | last delta: 0.12354485168617657
Update 47200 | last delta: 0.11822250281511515
Update 47300 | last delta: 0.11339001098622248
Update 47400 | last delta: 0.10965284544090537
Update 47500 | last delta: 0.10521692442534913
Update 47600 | last delta: 0.10007132986584111
Update 47700 | last delta: 0.09576022728106182
Update 47800 | last delta: 0.09184590889890387
Update 47900 | last delta: 0.08881880480430482
Update 48000 | last delta: 0.08511327232508847
Update 48100 | last delta: 0.08105777719174512
Update 48200 | last delta: 0.07756578409680515
Update 48300 | last delta: 0.07439518620776653
Update 48400 | last delta: 0.0707292252809566
Update 48500 | last delta: 0.0678255721086316
Update 48600 | last delta: 0.06565679952564096
Update 48700 | last delta: 0.06282828511757543
Update 48800 | last delta: 0.0590911195758963
Update 48900 | last delta: 0.05654545660581789
Update 49000 | last delta: 0.054234090745922
Update 49100 | last delta: 0.052446616048655414
Update 49200 | last delta: 0.047863806858003954
Update 49300 | last delta: 0.0452326825579803
Update 49400 | last delta: 0.043077426171294064
Update 49500 | last delta: 0.04070941430200037
Update 49600 | last delta: 0.03876968355325516
Update 49700 | last delta: 0.036638472871345584
Update 49800 | last delta: 0.03441022479040612
Update 49900 | last delta: 0.03297462558293773
Update 50000 | last delta: 0.030969202311354138
Update 50100 | last delta: 0.029677163023734465
Update 50200 | last delta: 0.026870574154600035
Update 50300 | last delta: 0.02543678937945515
Update 50400 | last delta: 0.02403850204882474
Update 50500 | last delta: 0.022893110441145836
Update 50600 | last delta: 0.02101139795695417
Update 50700 | last delta: 0.019471186658847728
Update 50800 | last delta: 0.017524067992781056
Update 50900 | last delta: 0.01577166119204776
Update 51000 | last delta: 0.014194495071933488
Update 51100 | last delta: 0.012024953075524536
Update 51200 | last delta: 0.010822457767062588
Execution time (Prioritized VI): 6.264587609 seconds
Total updates performed: 51286
Nb states discovered (env): 2830
Interactive play is only supported for TicTacToe. Skipping step-by-step display.
