Selected algorithm = PRIORITIZED_VALUE_ITERATION
Selected reward strategy = EMBEDDED
Selected environment = Frozen_lake
Load classical B Machine
Load success
Exploration strategy = PREPROCESS
Start exploration
.Model Checking complete. No error nodes found.Total states: 45

End of exploration 44 | Exploration time: 0.019853834 seconds
Start learning (Prioritized Value Iteration)
Update 100 | last delta: 705.1041089999999
Update 200 | last delta: 430.46721000000025
Update 300 | last delta: 348.67844010000044
Update 400 | last delta: 205.89113209464904
Update 500 | last delta: 266.872914491757
Update 600 | last delta: 79.76644307687275
Update 700 | last delta: 64.61081889226625
Update 800 | last delta: 38.15204244769484
Update 900 | last delta: 49.452089841096495
Update 1000 | last delta: 18.248003631400934
Update 1100 | last delta: 16.583130779366
Update 1200 | last delta: 7.855167211278967
Update 1300 | last delta: 5.726416897021409
Update 1400 | last delta: 7.4224933893738125
Update 1500 | last delta: 2.7389274499528256
Update 1600 | last delta: 3.944617309341993
Update 1700 | last delta: 1.1790184577730543
Update 1800 | last delta: 0.8595044557168876
Update 1900 | last delta: 0.7029781215669573
Update 2000 | last delta: 0.5694122784698266
Update 2100 | last delta: 0.2697216055912577
Update 2200 | last delta: 0.27234812761344074
Update 2300 | last delta: 0.12900700781756314
Update 2400 | last delta: 0.08464149782776076
Update 2500 | last delta: 0.04498196224813
Update 2600 | last delta: 0.04048376602258941
Update 2700 | last delta: 0.036790193599699705
Update 2800 | last delta: 0.019363259789315634
Update 2900 | last delta: 0.015836971994758642
Execution time (Prioritized VI): 0.093741149 seconds
Total updates performed: 2976
Nb states discovered (env): 44
Interactive play is only supported for TicTacToe. Skipping step-by-step display.
