Selected algorithm = INCREMENTAL_VALUE_ITERATION
Selected reward strategy = ONCEANDFORALL
Selected environment = Taxi-driver
Load classical B Machine
Load success
Exploration strategy = RECURSIVE
Start exploration

End of exploration 43 | Exploration time: 0.037276849 seconds
Start learning (Incremental Value Iteration)
Iteration: 1 | delta: 1000.0
Iteration: 2 | delta: 899.0
Iteration: 3 | delta: 727.2900000000001
Iteration: 4 | delta: 654.561
Iteration: 5 | delta: 474.97986900000006
Iteration: 6 | delta: 474.97986900000006
Iteration: 7 | delta: 427.48188210000006
Iteration: 8 | delta: 427.48188210000006
Iteration: 9 | delta: 277.96383184581003
Iteration: 10 | delta: 528.6554100000001
Iteration: 11 | delta: 225.15070379510615
Iteration: 12 | delta: 384.7336938900001
Iteration: 13 | delta: 163.1251251666324
Iteration: 14 | delta: 250.16744866122906
Iteration: 15 | delta: 148.50916688426767
Iteration: 16 | delta: 0.0
Execution time (Incremental VI): 1.142791008 seconds
Nb states discovered (env): 43
Interactive play is only supported for TicTacToe. Skipping step-by-step display.
