Selected algorithm = PRIORITIZED_VALUE_ITERATION
Selected reward strategy = EMBEDDED
Selected environment = autoV2embedded
Load classical B Machine
Load success
Exploration strategy = PREPROCESS
Start exploration
.Model Checking complete. No error nodes found.Total states: 2831

End of exploration 2830 | Exploration time: 0.424768353 seconds
Start learning (Prioritized Value Iteration)
Update 100 | last delta: 1730.0
Update 200 | last delta: 1550.0
Update 300 | last delta: 2207.0
Update 400 | last delta: 1450.0
Update 500 | last delta: 2257.0
Update 600 | last delta: 2205.0
Update 700 | last delta: 1359.0
Update 800 | last delta: 1330.0
Update 900 | last delta: 1310.0
Update 1000 | last delta: 2097.35
Update 1100 | last delta: 2304.3900000000003
Update 1200 | last delta: 2407.1000000000004
Update 1300 | last delta: 1215.0
Update 1400 | last delta: 1206.9
Update 1500 | last delta: 2472.7
Update 1600 | last delta: 1170.0
Update 1700 | last delta: 1158.3000000000002
Update 1800 | last delta: 1142.1
Update 1900 | last delta: 1125.9
Update 2000 | last delta: 1109.7000000000003
Update 2100 | last delta: 1089.0
Update 2200 | last delta: 1028.7000000000003
Update 2300 | last delta: 1057.0499999999997
Update 2400 | last delta: 1160.3649999999998
Update 2500 | last delta: 1027.8899999999999
Update 2600 | last delta: 1010.0
Update 2700 | last delta: 2351.4112300000006
Update 2800 | last delta: 4017.8057916374605
Update 2900 | last delta: 5830.337548378255
Update 3000 | last delta: 6439.84712335267
Update 3100 | last delta: 8335.235345337967
Update 3200 | last delta: 7797.03942552036
Update 3300 | last delta: 6583.740327868519
Update 3400 | last delta: 5509.422151410499
Update 3500 | last delta: 4646.761603744254
Update 3600 | last delta: 4268.082965539375
Update 3700 | last delta: 3900.8111989854383
Update 3800 | last delta: 3454.415854507904
Update 3900 | last delta: 3271.869454502373
Update 4000 | last delta: 2958.893604738153
Update 4100 | last delta: 2472.8398218570037
Update 4200 | last delta: 2181.962937829341
Update 4300 | last delta: 234.36891111507794
Update 4400 | last delta: 1682.3592155373663
Update 4500 | last delta: 1533.3906466843991
Update 4600 | last delta: 1263.4202716697118
Update 4700 | last delta: 1399.8899355187637
Update 4800 | last delta: 996.3000000000002
Update 4900 | last delta: 980.0999999999999
Update 5000 | last delta: 963.9000000000001
Update 5100 | last delta: 951.3449999999993
Update 5200 | last delta: 940.4100000000003
Update 5300 | last delta: 1569.0500000000002
Update 5400 | last delta: 925.1010000000006
Update 5500 | last delta: 911.9789999999994
Update 5600 | last delta: 671.3000000000002
Update 5700 | last delta: 896.6700000000001
Update 5800 | last delta: 885.6984019371166
Update 5900 | last delta: 872.6129999999994
Update 6000 | last delta: 866.6999999999998
Update 6100 | last delta: 921.4407000000006
Update 6200 | last delta: 1218.4631
Update 6300 | last delta: 1036.9450000000002
Update 6400 | last delta: 832.590900000001
Update 6500 | last delta: 820.7810999999992
Update 6600 | last delta: 94.02787464455832
Update 6700 | last delta: 808.9713000000002
Update 6800 | last delta: 2678.8231000000005
Update 6900 | last delta: 793.8809999999994
Update 7000 | last delta: 785.3516999999993
Update 7100 | last delta: 773.5419000000002
Update 7200 | last delta: 767.6369999999988
Update 7300 | last delta: 754.5150000000003
Update 7400 | last delta: 749.9223000000002
Update 7500 | last delta: 2779.1256000000003
Update 7600 | last delta: 1276.721550000002
Update 7700 | last delta: 728.0741699999999
Update 7800 | last delta: 685.5588900000002
Update 7900 | last delta: 714.4929000000002
Update 8000 | last delta: 706.8165299999991
Update 8100 | last delta: 702.027
Update 8200 | last delta: 690.8732999999993
Update 8300 | last delta: 346.1964430000007
Update 8400 | last delta: 674.9300700000013
Update 8500 | last delta: 667.2537000000011
Update 8600 | last delta: 684.0975950000015
Update 8700 | last delta: 655.4438999999993
Update 8800 | last delta: 653.6724299999987
Update 8900 | last delta: 643.6341000000002
Update 9000 | last delta: 190.3856748123717
Update 9100 | last delta: 632.4147900000016
Update 9200 | last delta: 626.5689389999998
Update 9300 | last delta: 839.9798689999998
Update 9400 | last delta: 611.1571500000009
Update 9500 | last delta: 607.4370630000012
Update 9600 | last delta: 597.8711249999997
Update 9700 | last delta: 837.0860890000013
Update 9800 | last delta: 588.305186999999
Update 9900 | last delta: 540.4754970000013
Update 10000 | last delta: 572.5213892999991
Update 10100 | last delta: 569.1733110000023
Update 10200 | last delta: 563.912045099999
Update 10300 | last delta: 558.0130500000005
Update 10400 | last delta: 550.041435000001
Update 10500 | last delta: 597.2809473000007
Update 10600 | last delta: 538.0840124999995
Update 10700 | last delta: 669.5734801000008
Update 10800 | last delta: 981.895706010001
Update 10900 | last delta: 520.8653240999993
Update 11000 | last delta: 515.2692503699982
Update 11100 | last delta: 589.5836241299985
Update 11200 | last delta: 507.52084058999935
Update 11300 | last delta: 502.2117450000005
Update 11400 | last delta: 499.7724308099996
Update 11500 | last delta: 492.0240210300017
Update 11600 | last delta: 486.4279473000006
Update 11700 | last delta: 478.2969000000003
Update 11800 | last delta: 476.52720146999854
Update 11900 | last delta: 469.20925890000035
Update 12000 | last delta: 463.7423253329998
Update 12100 | last delta: 460.5999147000002
Update 12200 | last delta: 456.7687565310007
Update 12300 | last delta: 451.9905705000001
Update 12400 | last delta: 895.3476449899999
Update 12500 | last delta: 442.8216189270024
Update 12600 | last delta: 795.3742639169996
Update 12700 | last delta: 430.4672099999998
Update 12800 | last delta: 428.8744813229987
Update 12900 | last delta: 422.2883330100003
Update 13000 | last delta: 414.92734371900224
Update 13100 | last delta: 411.0918808779006
Update 13200 | last delta: 407.95377491699765
Update 13300 | last delta: 404.81566895610194
Update 13400 | last delta: 400.98020611500124
Update 13500 | last delta: 394.0066373130003
Update 13600 | last delta: 392.2632451124973
Update 13700 | last delta: 387.0330685109984
Update 13800 | last delta: 382.9744278843664
Update 13900 | last delta: 379.71082126889996
Update 14000 | last delta: 373.4346093471013
Update 14100 | last delta: 367.158397425299
Update 14200 | last delta: 366.1123621049992
Update 14300 | last delta: 360.8821855035021
Update 14400 | last delta: 358.6855113308702
Update 14500 | last delta: 353.0369206012474
Update 14600 | last delta: 348.67844010000044
Update 14700 | last delta: 347.38832987163187
Update 14800 | last delta: 342.0535497381006
Update 14900 | last delta: 329.50112589449964
Update 15000 | last delta: 335.77733781630013
Update 15100 | last delta: 330.4425576827671
Update 15200 | last delta: 324.79396695315336
Update 15300 | last delta: 322.1267052891464
Update 15400 | last delta: 317.733228541123
Update 15500 | last delta: 313.49678549390956
Update 15600 | last delta: 312.64949688446904
Update 15700 | last delta: 307.8481947642922
Update 15800 | last delta: 302.4820335711538
Update 15900 | last delta: 302.1996040346694
Update 16000 | last delta: 297.3983019144889
Update 16100 | last delta: 292.31457025783857
Update 16200 | last delta: 287.2308386011773
Update 16300 | last delta: 521.8450545559435
Update 16400 | last delta: 282.1471069445197
Update 16500 | last delta: 278.3384966580743
Update 16600 | last delta: 277.06337528786116
Update 16700 | last delta: 272.23383021403606
Update 16800 | last delta: 271.9796436312008
Update 16900 | last delta: 267.65847172303984
Update 17000 | last delta: 263.08311323205635
Update 17100 | last delta: 258.5077547410601
Update 17200 | last delta: 254.18658283289915
Update 17300 | last delta: 253.24609247642002
Update 17400 | last delta: 249.35703775907677
Update 17500 | last delta: 249.12826983452396
Update 17600 | last delta: 244.78167926808055
Update 17700 | last delta: 240.8926245507373
Update 17800 | last delta: 228.76792454961014
Update 17900 | last delta: 350.2981111799554
Update 18000 | last delta: 228.76792454961014
Update 18100 | last delta: 228.53915662506006
Update 18200 | last delta: 224.42133398316764
Update 18300 | last delta: 156.79526293910385
Update 18400 | last delta: 220.3035113412734
Update 18500 | last delta: 216.80336209566485
Update 18600 | last delta: 213.09732171796531
Update 18700 | last delta: 209.39128134025668
Update 18800 | last delta: 205.89113209464813
Update 18900 | last delta: 202.33657941683487
Update 19000 | last delta: 201.97920058485033
Update 19100 | last delta: 198.27316020714534
Update 19200 | last delta: 195.12302588609782
Update 19300 | last delta: 194.41971208042196
Update 19400 | last delta: 191.7875895461675
Update 19500 | last delta: 187.8397923545495
Update 19600 | last delta: 185.1167168662996
Update 19700 | last delta: 182.10292147515065
Update 19800 | last delta: 181.78128052636384
Update 19900 | last delta: 176.7581055353403
Update 20000 | last delta: 175.1104078465014
Update 20100 | last delta: 172.60883059155094
Update 20200 | last delta: 169.60693788561002
Update 20300 | last delta: 166.6050451796691
Update 20400 | last delta: 163.8926293276363
Update 20500 | last delta: 163.60315247373
Update 20600 | last delta: 72.84978365896495
Update 20700 | last delta: 145.92292334181184
Update 20800 | last delta: 152.64624409704993
Update 20900 | last delta: 150.0946352969986
Update 21000 | last delta: 149.94454066170147
Update 21100 | last delta: 147.5033663948725
Update 21200 | last delta: 144.54113379100818
Update 21300 | last delta: 141.839430355667
Update 21400 | last delta: 149.08621588201277
Update 21500 | last delta: 171.48414843694172
Update 21600 | last delta: 134.9500865955306
Update 21700 | last delta: 133.72785122457117
Update 21800 | last delta: 132.5185535037217
Update 21900 | last delta: 130.08702041190736
Update 22000 | last delta: 127.65548732010029
Update 22100 | last delta: 123.24168776381953
Update 22200 | last delta: 121.57665459056807
Update 22300 | last delta: 120.75983486443147
Update 22400 | last delta: 119.37425821014403
Update 22500 | last delta: 117.07831837071535
Update 22600 | last delta: 114.88993858809044
Update 22700 | last delta: 110.30341588201281
Update 22800 | last delta: 108.6838513779885
Update 22900 | last delta: 107.43683238912968
Update 23000 | last delta: 105.370486533644
Update 23100 | last delta: 103.40094472928286
Update 23200 | last delta: 99.27307429381108
Update 23300 | last delta: 97.81546624018938
Update 23400 | last delta: 65.52462033150186
Update 23500 | last delta: 93.80013424018944
Update 23600 | last delta: 91.0093273358043
Update 23700 | last delta: 88.62938119652426
Update 23800 | last delta: 87.09926282250854
Update 23900 | last delta: 83.7547652307203
Update 24000 | last delta: 80.05504592313446
Update 24100 | last delta: 79.23052765455213
Update 24200 | last delta: 76.7026943074884
Update 24300 | last delta: 73.7175551420014
Update 24400 | last delta: 71.78979876918493
Update 24500 | last delta: 70.5504028862324
Update 24600 | last delta: 67.1518030971938
Update 24700 | last delta: 64.65182398312481
Update 24800 | last delta: 62.87470630879625
Update 24900 | last delta: 59.71121966502096
Update 25000 | last delta: 57.75905466016866
Update 25100 | last delta: 55.468566461784576
Update 25200 | last delta: 53.07494246851638
Update 25300 | last delta: 51.98314919415225
Update 25400 | last delta: 49.92170981560594
Update 25500 | last delta: 47.76744822166438
Update 25600 | last delta: 46.78483427473657
Update 25700 | last delta: 42.99070339950049
Update 25800 | last delta: 42.54453366043617
Update 25900 | last delta: 42.10635084726164
Update 26000 | last delta: 38.69163305954771
Update 26100 | last delta: 38.29008029439137
Update 26200 | last delta: 34.84799238729647
Update 26300 | last delta: 31.34022277823169
Update 26400 | last delta: 33.99182553236096
Update 26500 | last delta: 31.34022277823533
Update 26600 | last delta: 31.014965038457376
Update 26700 | last delta: 44.18984261350852
Update 26800 | last delta: 50.30218853877432
Update 26900 | last delta: 34.85756719951314
Update 27000 | last delta: 35.79377251694132
Update 27100 | last delta: 30.743929869416206
Update 27200 | last delta: 39.64409226083717
Update 27300 | last delta: 43.98288713886177
Update 27400 | last delta: 54.299860665260894
Update 27500 | last delta: 32.06352472423214
Update 27600 | last delta: 28.86299569609423
Update 27700 | last delta: 46.500957827741786
Update 27800 | last delta: 27.91346853461164
Update 27900 | last delta: 35.793772516943136
Update 28000 | last delta: 35.62613858247914
Update 28100 | last delta: 26.093660164851826
Update 28200 | last delta: 25.12212168115184
Update 28300 | last delta: 24.90258319422719
Update 28400 | last delta: 23.374309523963348
Update 28500 | last delta: 22.609909513033926
Update 28600 | last delta: 39.58459842497905
Update 28700 | last delta: 35.05582116007099
Update 28800 | last delta: 28.85717225180997
Update 28900 | last delta: 35.55225156494271
Update 29000 | last delta: 48.59328758123968
Update 29100 | last delta: 32.06352472423532
Update 29200 | last delta: 25.971455026630792
Update 29300 | last delta: 21.036878571570924
Update 29400 | last delta: 20.892048978037565
Update 29500 | last delta: 20.17109238732337
Update 29600 | last delta: 18.933190714414195
Update 29700 | last delta: 18.314026705558717
Update 29800 | last delta: 18.15398314859158
Update 29900 | last delta: 17.039871642971775
Update 30000 | last delta: 16.482624035003028
Update 30100 | last delta: 16.338584833732057
Update 30200 | last delta: 15.335884478675325
Update 30300 | last delta: 14.83436163150327
Update 30400 | last delta: 14.704726350359124
Update 30500 | last delta: 15.335884478668959
Update 30600 | last delta: 13.802296030807156
Update 30700 | last delta: 13.350925468354035
Update 30800 | last delta: 13.234253715323575
Update 30900 | last delta: 15.335884478672597
Update 31000 | last delta: 12.422066427726804
Update 31100 | last delta: 12.422066427721802
Update 31200 | last delta: 11.910828343790854
Update 31300 | last delta: 11.180534119265758
Update 31400 | last delta: 11.179859784950168
Update 31500 | last delta: 10.814249629365804
Update 31600 | last delta: 18.933190714411467
Update 31700 | last delta: 12.422066427727259
Update 31800 | last delta: 10.061873806458607
Update 31900 | last delta: 10.04100593034309
Update 32000 | last delta: 1.562213792332841
Update 32100 | last delta: 9.055686425811473
Update 32200 | last delta: 10.061873806454969
Update 32300 | last delta: 8.682993862623334
Update 32400 | last delta: 8.150117783231394
Update 32500 | last delta: 8.150117783225141
Update 32600 | last delta: 7.814694476361183
Update 32700 | last delta: 7.335106004908994
Update 32800 | last delta: 7.335106004904901
Update 32900 | last delta: 7.31205687392503
Update 33000 | last delta: 6.632658310902116
Update 33100 | last delta: 6.601595404416003
Update 33200 | last delta: 6.5879039908977575
Update 33300 | last delta: 6.329902525852958
Update 33400 | last delta: 5.941435863974675
Update 33500 | last delta: 5.941435863971492
Update 33600 | last delta: 5.696912273268026
Update 33700 | last delta: 5.347292277579072
Update 33800 | last delta: 5.347292277575434
Update 33900 | last delta: 5.336202232627329
Update 34000 | last delta: 0.6052336313478008
Update 34100 | last delta: 4.812563049819346
Update 34200 | last delta: 4.812563049815253
Update 34300 | last delta: 4.797440514981645
Update 34400 | last delta: 4.866687813256249
Update 34500 | last delta: 4.3313067448380025
Update 34600 | last delta: 4.331306744835274
Update 34700 | last delta: 4.322323808426518
Update 34800 | last delta: 5.4074309036204795
Update 34900 | last delta: 3.9165184060066167
Update 35000 | last delta: 3.898176070352747
Update 35100 | last delta: 3.890091427585503
Update 35200 | last delta: 3.7075372193239673
Update 35300 | last delta: 3.5083584633212013
Update 35400 | last delta: 3.5083584633175633
Update 35500 | last delta: 3.5010822848271346
Update 35600 | last delta: 3.3367834973914796
Update 35700 | last delta: 3.1575226169879897
Update 35800 | last delta: 3.157522616985034
Update 35900 | last delta: 3.150974056344239
Update 36000 | last delta: 3.0031051476507855
Update 36100 | last delta: 2.8417703552877356
Update 36200 | last delta: 2.8358766507108157
Update 36300 | last delta: 2.7920732291777313
Update 36400 | last delta: 2.557593319760599
Update 36500 | last delta: 2.5575933197578706
Update 36600 | last delta: 2.55228898563837
Update 36700 | last delta: 2.512865906258412
Update 36800 | last delta: 2.3018339877835388
Update 36900 | last delta: 2.3018339877817198
Update 37000 | last delta: 2.2970600870739872
Update 37100 | last delta: 2.68004484051653
Update 37200 | last delta: 2.094949524911499
Update 37300 | last delta: 2.071650589005003
Update 37400 | last delta: 2.0673540783682256
Update 37500 | last delta: 2.0354213840710145
Update 37600 | last delta: 1.8854545724225318
Update 37700 | last delta: 1.8695095253933687
Update 37800 | last delta: 1.8644855301026837
Update 37900 | last delta: 1.8606186705310392
Update 38000 | last delta: 1.7877514363444789
Update 38100 | last delta: 1.6969091151768225
Update 38200 | last delta: 1.6780369770935977
Update 38300 | last delta: 1.674556803478481
Update 38400 | last delta: 1.674556803476662
Update 38500 | last delta: 1.6089762927094853
Update 38600 | last delta: 1.514302715568192
Update 38700 | last delta: 1.510233279383101
Update 38800 | last delta: 1.5071011231293596
Update 38900 | last delta: 1.4480786634403557
Update 39000 | last delta: 1.3744963832941721
Update 39100 | last delta: 1.3592099514462461
Update 39200 | last delta: 1.356391010817788
Update 39300 | last delta: 1.3563910108150594
Update 39400 | last delta: 0.2811660682436923
Update 39500 | last delta: 1.2265851996098718
Update 39600 | last delta: 1.2232889563001663
Update 39700 | last delta: 1.2207519097337354
Update 39800 | last delta: 1.1729437173817132
Update 39900 | last delta: 1.1039266796515221
Update 40000 | last delta: 1.1009600606703316
Update 40100 | last delta: 1.0986767187614532
Update 40200 | last delta: 1.055649345646998
Update 40300 | last delta: 1.002007863421568
Update 40400 | last delta: 0.9908640546036622
Update 40500 | last delta: 0.9888090468848532
Update 40600 | last delta: 0.950084411078933
Update 40700 | last delta: 0.9018070770789564
Update 40800 | last delta: 0.8917776491434779
Update 40900 | last delta: 0.8899281421963678
Update 41000 | last delta: 0.8116263693718793
Update 41100 | last delta: 0.8025998842294939
Update 41200 | last delta: 0.80093532797855
Update 41300 | last delta: 0.7633490353687193
Update 41400 | last delta: 0.7304637324341456
Update 41500 | last delta: 0.7223398958049074
Update 41600 | last delta: 0.7208417951815136
Update 41700 | last delta: 0.6775142197293462
Update 41800 | last delta: 0.6574173591907311
Update 41900 | last delta: 0.6501059062247805
Update 42000 | last delta: 0.6487576156632713
Update 42100 | last delta: 0.6183127186488946
Update 42200 | last delta: 0.5916756232709304
Update 42300 | last delta: 0.5850953156023024
Update 42400 | last delta: 0.5838818540978536
Update 42500 | last delta: 0.5325080609463839
Update 42600 | last delta: 0.5325080609436554
Update 42700 | last delta: 0.5254936686887959
Update 42800 | last delta: 0.5107411316948856
Update 42900 | last delta: 0.4792572548494718
Update 43000 | last delta: 0.475204237833168
Update 43100 | last delta: 0.472944301820462
Update 43200 | last delta: 0.031983204473363
Update 43300 | last delta: 0.43133152936388797
Update 43400 | last delta: 0.42597176723143093
Update 43500 | last delta: 0.4137003166733848
Update 43600 | last delta: 0.38819837642859056
Update 43700 | last delta: 0.3849154326462667
Update 43800 | last delta: 0.3830848844754655
Update 43900 | last delta: 0.3680821671296144
Update 44000 | last delta: 0.34937853878363967
Update 44100 | last delta: 0.3464238893802758
Update 44200 | last delta: 0.33509725650765176
Update 44300 | last delta: 0.3144406849069128
Update 44400 | last delta: 0.31178150044252106
Update 44500 | last delta: 0.3102987564252544
Update 44600 | last delta: 0.1145745950689161
Update 44700 | last delta: 0.28299661641540297
Update 44800 | last delta: 0.28060335039663187
Update 44900 | last delta: 0.26833189984006367
Update 45000 | last delta: 0.25469695477477217
Update 45100 | last delta: 0.252543015356423
Update 45200 | last delta: 0.244285899994793
Update 45300 | last delta: 0.22922725929674925
Update 45400 | last delta: 0.2272887138205988
Update 45500 | last delta: 0.20630453336707433
Update 45600 | last delta: 0.20455984243744751
Update 45700 | last delta: 0.19787157899554586
Update 45800 | last delta: 0.18410385819697694
Update 45900 | last delta: 0.1833668781837332
Update 46000 | last delta: 0.1671066720273302
Update 46100 | last delta: 0.16503019036554178
Update 46200 | last delta: 0.16027597898482782
Update 46300 | last delta: 0.14912412513695017
Update 46400 | last delta: 0.14424838108698168
Update 46500 | last delta: 0.13421171262598364
Update 46600 | last delta: 0.12982354297946586
Update 46700 | last delta: 0.12079054136302148
Update 46800 | last delta: 0.12730510563051212
Update 46900 | last delta: 0.11457459506709711
Update 47000 | last delta: 0.10827630789754039
Update 47100 | last delta: 0.10515706981186668
Update 47200 | last delta: 0.09784033850337437
Update 47300 | last delta: 0.09464136283236257
Update 47400 | last delta: 0.09280542200576747
Update 47500 | last delta: 0.08805630465394643
Update 47600 | last delta: 0.08517722654778481
Update 47700 | last delta: 0.07992660319905553
Update 47800 | last delta: 0.07665950389309728
Update 47900 | last delta: 0.07517239182379853
Update 48000 | last delta: 0.07104008561145747
Update 48100 | last delta: 0.06899355350287806
Update 48200 | last delta: 0.06209419815422734
Update 48300 | last delta: 0.0575424693442983
Update 48400 | last delta: 0.05480067363805574
Update 48500 | last delta: 0.050296300503759994
Update 48600 | last delta: 0.045266670453202096
Update 48700 | last delta: 0.04074000340733619
Update 48800 | last delta: 0.03775361413772771
Update 48900 | last delta: 0.035954721975031134
Update 49000 | last delta: 0.032999402759742225
Update 49100 | last delta: 0.0296994624841318
Update 49200 | last delta: 0.02672951623571862
Update 49300 | last delta: 0.02621099231782864
Update 49400 | last delta: 0.02378209023936506
Update 49500 | last delta: 0.021403881215519505
Update 49600 | last delta: 0.01926349309451325
Update 49700 | last delta: 0.017337143784970976
Update 49800 | last delta: 0.015603429405928182
Update 49900 | last delta: 0.014043086465790111
Update 50000 | last delta: 0.012638777818210656
Update 50100 | last delta: 0.010237410033369088
Execution time (Prioritized VI): 4.853672436 seconds
Total updates performed: 50148
Nb states discovered (env): 2830
Interactive play is only supported for TicTacToe. Skipping step-by-step display.
