Selected algorithm = INCREMENTAL_VALUE_ITERATION
Selected reward strategy = ONCEANDFORALL
Selected environment = Taxi-driver
Load classical B Machine
Load success
Exploration strategy = RECURSIVE
Start exploration

End of exploration 43 | Exploration time: 0.035121583 seconds
Start learning (Incremental Value Iteration)
Iteration: 1 | delta: 1000.0
Iteration: 2 | delta: 899.0
Iteration: 3 | delta: 900.0
Iteration: 4 | delta: 728.19
Iteration: 5 | delta: 653.6610000000001
Iteration: 6 | delta: 528.6554100000001
Iteration: 7 | delta: 474.0798690000001
Iteration: 8 | delta: 427.48188210000006
Iteration: 9 | delta: 1.3851000000000004
Iteration: 10 | delta: 427.48188210000006
Iteration: 11 | delta: 384.7336938900001
Iteration: 12 | delta: 346.26032450100007
Iteration: 13 | delta: 251.94547966122906
Iteration: 14 | delta: 311.63429205090006
Iteration: 15 | delta: 279.93942184581005
Iteration: 16 | delta: 0.0
Execution time (Incremental VI): 1.431952338 seconds
Nb states discovered (env): 43
Interactive play is only supported for TicTacToe. Skipping step-by-step display.
