Selected algorithm = PRIORITIZED_VALUE_ITERATION
Selected reward strategy = EMBEDDED
Selected environment = Frozen_lakeembedded
Load classical B Machine
Load success
Exploration strategy = PREPROCESS
Start exploration
.Model Checking complete. No error nodes found.Total states: 45

End of exploration 44 | Exploration time: 0.01911715 seconds
Start learning (Prioritized Value Iteration)
Update 100 | last delta: 705.1041089999999
Update 200 | last delta: 736.0989291000005
Update 300 | last delta: 313.8105960900002
Update 400 | last delta: 502.16847117884936
Update 500 | last delta: 150.0946352969986
Update 600 | last delta: 240.18562304258194
Update 700 | last delta: 64.61081889226625
Update 800 | last delta: 47.10128697246182
Update 900 | last delta: 38.523563221847326
Update 1000 | last delta: 38.523563221846416
Update 1100 | last delta: 28.08367758872646
Update 1200 | last delta: 11.972515182562347
Update 1300 | last delta: 12.089102338158227
Update 1400 | last delta: 5.153775207319995
Update 1500 | last delta: 3.7936884109294624
Update 1600 | last delta: 2.2185312344627164
Update 1700 | last delta: 2.588063416659679
Update 1800 | last delta: 0.6961986091300787
Update 1900 | last delta: 0.6265787482170708
Update 2000 | last delta: 0.7810868017404573
Update 2100 | last delta: 0.657850996036359
Update 2200 | last delta: 0.1966270504763088
Update 2300 | last delta: 0.1433411197958776
Update 2400 | last delta: 0.11723693864223605
Update 2500 | last delta: 0.06170365191792371
Update 2600 | last delta: 0.04498196224813
Update 2700 | last delta: 0.04541999209777714
Update 2800 | last delta: 0.021514733098229044
Update 2900 | last delta: 0.014115816386038205
Update 3000 | last delta: 0.010290430145687424
Execution time (Prioritized VI): 0.11617268 seconds
Total updates performed: 3006
Nb states discovered (env): 44
Interactive play is only supported for TicTacToe. Skipping step-by-step display.
