Selected algorithm = VALUE_ITERATION
Selected reward strategy = EMBEDDED
Selected environment = tictactoe
Load classical B Machine
de.prob.exception.ProBError: Prolog said no.
ProB returned error messages:
Error: Type mismatch: Expected predicate, but was BOOL in 'TRUE' (/home/idania/rllib4prob/target/classes/TicTacToe/rewards.def:8:16 to 8:20)
Error: Type mismatch: Expected predicate, but was BOOL in 'TRUE' (/home/idania/rllib4prob/target/classes/TicTacToe/rewards.def:11:20 to 11:24)
	at de.prob.animator.command.AbstractCommand.processErrorResult(AbstractCommand.java:114)
	at de.prob.animator.AnimatorImpl.execute(AnimatorImpl.java:168)
	at de.prob.statespace.StateSpace.execute(StateSpace.java:704)
	at de.prob.scripting.StateSpaceProvider.loadFromCommandIntoStateSpace(StateSpaceProvider.java:29)
	at de.prob.model.representation.AbstractModel.loadIntoStateSpace(AbstractModel.java:141)
	at de.prob.model.representation.AbstractModel.load(AbstractModel.java:152)
	at de.prob.scripting.ExtractedModel.load(ExtractedModel.java:28)
	at de.prob.scripting.Api.b_load(Api.java:127)
	at de.prob.scripting.Api.b_load(Api.java:137)
	at fr.polytech.mnia.Environment.MyProb.load(MyProb.java:47)
	at fr.polytech.mnia.Environment.Environment.<init>(Environment.java:54)
	at fr.polytech.mnia.Environment.ModelBasedEnvironment.<init>(ModelBasedEnvironment.java:11)
	at fr.polytech.mnia.Environment.TicTacToeEnvironment.<init>(TicTacToeEnvironment.java:6)
	at fr.polytech.mnia.Environment.EnvironmentFactory.create(EnvironmentFactory.java:16)
	at fr.polytech.mnia.App.main(App.java:49)
	at org.codehaus.mojo.exec.ExecJavaMojo$1.run(ExecJavaMojo.java:279)
	at java.base/java.lang.Thread.run(Thread.java:1583)
[ERROR] Failed to execute goal org.codehaus.mojo:exec-maven-plugin:3.1.0:java (default-cli) on project rl-lib: An exception occurred while executing the Java class. Cannot invoke "de.prob.statespace.StateSpace.getRoot()" because the return value of "fr.polytech.mnia.Environment.MyProb.getStateSpace()" is null -> [Help 1]
[ERROR] 
[ERROR] To see the full stack trace of the errors, re-run Maven with the -e switch.
[ERROR] Re-run Maven using the -X switch to enable full debug logging.
[ERROR] 
[ERROR] For more information about the errors and possible solutions, please read the following articles:
[ERROR] [Help 1] http://cwiki.apache.org/confluence/display/MAVEN/MojoExecutionException
