Selected algorithm = PRIORITIZED_VALUE_ITERATION
Selected reward strategy = EMBEDDED
Selected environment = Mountain_Car
Load classical B Machine
Load success
Exploration strategy = PREPROCESS
Start exploration
........Model Checking complete. No error nodes found.Total states: 12049

End of exploration 12048 | Exploration time: 3.844869873 seconds
Start learning (Prioritized Value Iteration)
Update 100 | last delta: 0.1
Update 200 | last delta: 0.1
Update 300 | last delta: 0.19
Update 400 | last delta: 0.1
Update 500 | last delta: 0.1
Update 600 | last delta: 0.19
Update 700 | last delta: 0.19
Update 800 | last delta: 0.1
Update 900 | last delta: 0.1
Update 1000 | last delta: 0.19
Update 1100 | last delta: 0.1
Update 1200 | last delta: 0.1
Update 1300 | last delta: 0.1
Update 1400 | last delta: 0.1
Update 1500 | last delta: 0.1
Update 1600 | last delta: 0.1
Update 1700 | last delta: 0.1
Update 1800 | last delta: 0.1
Update 1900 | last delta: 0.1
Update 2000 | last delta: 0.1
Update 2100 | last delta: 0.1
Update 2200 | last delta: 0.1
Update 2300 | last delta: 0.1
Update 2400 | last delta: 0.1
Update 2500 | last delta: 0.1
Update 2600 | last delta: 0.1
Update 2700 | last delta: 0.1
Update 2800 | last delta: 0.1
Update 2900 | last delta: 0.171
Update 3000 | last delta: 0.19
Update 3100 | last delta: 0.1
Update 3200 | last delta: 0.1
Update 3300 | last delta: 0.19
Update 3400 | last delta: 0.1
Update 3500 | last delta: 0.1
Update 3600 | last delta: 0.19
Update 3700 | last delta: 0.1
Update 3800 | last delta: 0.1
Update 3900 | last delta: 0.1
Update 4000 | last delta: 0.1
Update 4100 | last delta: 0.1
Update 4200 | last delta: 0.1
Update 4300 | last delta: 0.1
Update 4400 | last delta: 0.1
Update 4500 | last delta: 0.1
Update 4600 | last delta: 0.1
Update 4700 | last delta: 0.1
Update 4800 | last delta: 0.1
Update 4900 | last delta: 0.1
Update 5000 | last delta: 0.1
Update 5100 | last delta: 0.19
Update 5200 | last delta: 0.1
Update 5300 | last delta: 0.19
Update 5400 | last delta: 0.19
Update 5500 | last delta: 0.19
Update 5600 | last delta: 0.15390000000000004
Update 5700 | last delta: 0.1
Update 5800 | last delta: 0.1
Update 5900 | last delta: 0.19
Update 6000 | last delta: 0.19
Update 6100 | last delta: 0.1
Update 6200 | last delta: 0.1
Update 6300 | last delta: 0.1
Update 6400 | last delta: 0.171
Update 6500 | last delta: 0.19
Update 6600 | last delta: 0.1
Update 6700 | last delta: 0.1
Update 6800 | last delta: 0.19
Update 6900 | last delta: 0.1
Update 7000 | last delta: 0.1
Update 7100 | last delta: 0.19
Update 7200 | last delta: 0.19
Update 7300 | last delta: 0.19
Update 7400 | last delta: 0.1
Update 7500 | last delta: 0.1
Update 7600 | last delta: 0.1
Update 7700 | last delta: 0.1
Update 7800 | last delta: 0.271
Update 7900 | last delta: 0.271
Update 8000 | last delta: 0.1
Update 8100 | last delta: 0.09
Update 8200 | last delta: 0.19
Update 8300 | last delta: 0.19
Update 8400 | last delta: 0.1
Update 8500 | last delta: 0.171
Update 8600 | last delta: 0.19
Update 8700 | last delta: 0.09
Update 8800 | last delta: 0.1
Update 8900 | last delta: 0.1
Update 9000 | last delta: 0.1
Update 9100 | last delta: 0.09
Update 9200 | last delta: 0.171
Update 9300 | last delta: 0.1
Update 9400 | last delta: 0.171
Update 9500 | last delta: 0.171
Update 9600 | last delta: 0.19
Update 9700 | last delta: 0.1
Update 9800 | last delta: 0.1
Update 9900 | last delta: 0.271
Update 10000 | last delta: 0.19
Update 10100 | last delta: 0.171
Update 10200 | last delta: 0.1
Update 10300 | last delta: 0.19
Update 10400 | last delta: 0.1
Update 10500 | last delta: 0.1
Update 10600 | last delta: 0.1
Update 10700 | last delta: 0.1
Update 10800 | last delta: 0.09
Update 10900 | last delta: 0.1
Update 11000 | last delta: 0.19
Update 11100 | last delta: 0.09
Update 11200 | last delta: 0.1
Update 11300 | last delta: 0.19
Update 11400 | last delta: 0.271
Update 11500 | last delta: 0.171
Update 11600 | last delta: 0.09
Update 11700 | last delta: 0.19
Update 11800 | last delta: 0.24390000000000003
Update 11900 | last delta: 0.1
Update 12000 | last delta: 0.171
Update 12100 | last delta: 0.171
Update 12200 | last delta: 0.19
Update 12300 | last delta: 0.1
Update 12400 | last delta: 0.19
Update 12500 | last delta: 0.171
Update 12600 | last delta: 0.171
Update 12700 | last delta: 0.171
Update 12800 | last delta: 0.171
Update 12900 | last delta: 0.1
Update 13000 | last delta: 0.19
Update 13100 | last delta: 0.1
Update 13200 | last delta: 0.171
Update 13300 | last delta: 0.09
Update 13400 | last delta: 0.171
Update 13500 | last delta: 0.171
Update 13600 | last delta: 0.171
Update 13700 | last delta: 0.171
Update 13800 | last delta: 0.171
Update 13900 | last delta: 0.09
Update 14000 | last delta: 0.171
Update 14100 | last delta: 0.171
Update 14200 | last delta: 0.171
Update 14300 | last delta: 0.171
Update 14400 | last delta: 0.09
Update 14500 | last delta: 0.09
Update 14600 | last delta: 0.171
Update 14700 | last delta: 0.171
Update 14800 | last delta: 0.271
Update 14900 | last delta: 0.08100000000000002
Update 15000 | last delta: 0.09
Update 15100 | last delta: 0.171
Update 15200 | last delta: 0.24390000000000003
Update 15300 | last delta: 0.15390000000000004
Update 15400 | last delta: 0.171
Update 15500 | last delta: 0.09
Update 15600 | last delta: 0.15390000000000004
Update 15700 | last delta: 0.08100000000000002
Update 15800 | last delta: 0.171
Update 15900 | last delta: 0.24390000000000003
Update 16000 | last delta: 0.171
Update 16100 | last delta: 0.171
Update 16200 | last delta: 0.15390000000000004
Update 16300 | last delta: 0.09
Update 16400 | last delta: 0.24390000000000003
Update 16500 | last delta: 0.30951000000000006
Update 16600 | last delta: 0.15390000000000004
Update 16700 | last delta: 0.13851000000000002
Update 16800 | last delta: 0.171
Update 16900 | last delta: 0.08100000000000002
Update 17000 | last delta: 0.15390000000000004
Update 17100 | last delta: 0.15390000000000004
Update 17200 | last delta: 0.09
Update 17300 | last delta: 0.171
Update 17400 | last delta: 0.19
Update 17500 | last delta: 0.1
Update 17600 | last delta: 0.08100000000000002
Update 17700 | last delta: 0.07290000000000002
Update 17800 | last delta: 0.09
Update 17900 | last delta: 0.1
Update 18000 | last delta: 0.09
Update 18100 | last delta: 0.08100000000000002
Update 18200 | last delta: 0.15390000000000004
Update 18300 | last delta: 0.09
Update 18400 | last delta: 0.171
Update 18500 | last delta: 0.171
Update 18600 | last delta: 0.171
Update 18700 | last delta: 0.21951000000000004
Update 18800 | last delta: 0.13851000000000002
Update 18900 | last delta: 0.08100000000000002
Update 19000 | last delta: 0.09
Update 19100 | last delta: 0.17780310000000005
Update 19200 | last delta: 0.27855900000000006
Update 19300 | last delta: 0.25070310000000007
Update 19400 | last delta: 0.13851000000000002
Update 19500 | last delta: 0.12465900000000002
Update 19600 | last delta: 0.24390000000000003
Update 19700 | last delta: 0.24390000000000003
Update 19800 | last delta: 0.15390000000000004
Update 19900 | last delta: 0.171
Update 20000 | last delta: 0.1
Update 20100 | last delta: 0.09
Update 20200 | last delta: 0.171
Update 20300 | last delta: 0.08100000000000002
Update 20400 | last delta: 0.24390000000000003
Update 20500 | last delta: 0.15390000000000004
Update 20600 | last delta: 0.13851000000000002
Update 20700 | last delta: 0.11219310000000005
Update 20800 | last delta: 0.15390000000000004
Update 20900 | last delta: 0.21951000000000004
Update 21000 | last delta: 0.171
Update 21100 | last delta: 0.1
Update 21200 | last delta: 0.07290000000000002
Update 21300 | last delta: 0.21951000000000004
Update 21400 | last delta: 0.08100000000000002
Update 21500 | last delta: 0.05904900000000002
Update 21600 | last delta: 0.15390000000000004
Update 21700 | last delta: 0.15390000000000004
Update 21800 | last delta: 0.24390000000000003
Update 21900 | last delta: 0.15390000000000004
Update 22000 | last delta: 0.21951000000000004
Update 22100 | last delta: 0.13851000000000002
Update 22200 | last delta: 0.09
Update 22300 | last delta: 0.12465900000000002
Update 22400 | last delta: 0.09
Update 22500 | last delta: 0.171
Update 22600 | last delta: 0.171
Update 22700 | last delta: 0.15390000000000004
Update 22800 | last delta: 0.06561
Update 22900 | last delta: 0.07290000000000002
Update 23000 | last delta: 0.05904900000000002
Update 23100 | last delta: 0.17780310000000005
Update 23200 | last delta: 0.15390000000000004
Update 23300 | last delta: 0.24390000000000003
Update 23400 | last delta: 0.171
Update 23500 | last delta: 0.09
Update 23600 | last delta: 0.27855900000000006
Update 23700 | last delta: 0.21951000000000004
Update 23800 | last delta: 0.24390000000000003
Update 23900 | last delta: 0.24390000000000003
Update 24000 | last delta: 0.24390000000000003
Update 24100 | last delta: 0.15390000000000004
Update 24200 | last delta: 0.15390000000000004
Update 24300 | last delta: 0.15390000000000004
Update 24400 | last delta: 0.15390000000000004
Update 24500 | last delta: 0.15390000000000004
Update 24600 | last delta: 0.15390000000000004
Update 24700 | last delta: 0.15390000000000004
Update 24800 | last delta: 0.15390000000000004
Update 24900 | last delta: 0.15390000000000004
Update 25000 | last delta: 0.15390000000000004
Update 25100 | last delta: 0.13851000000000002
Update 25200 | last delta: 0.13851000000000002
Update 25300 | last delta: 0.13851000000000002
Update 25400 | last delta: 0.13851000000000002
Update 25500 | last delta: 0.13851000000000002
Update 25600 | last delta: 0.13851000000000002
Update 25700 | last delta: 0.13851000000000002
Update 25800 | last delta: 0.13851000000000002
Update 25900 | last delta: 0.13851000000000002
Update 26000 | last delta: 0.13851000000000002
Update 26100 | last delta: 0.13851000000000002
Update 26200 | last delta: 0.12465900000000002
Update 26300 | last delta: 0.12465900000000002
Update 26400 | last delta: 0.12465900000000002
Update 26500 | last delta: 0.12465900000000002
Update 26600 | last delta: 0.10097379000000006
Update 26700 | last delta: 0.13851000000000002
Update 26800 | last delta: 0.13851000000000002
Update 26900 | last delta: 0.12465900000000002
Update 27000 | last delta: 0.12465900000000002
Update 27100 | last delta: 0.11219310000000005
Update 27200 | last delta: 0.09
Update 27300 | last delta: 0.05904900000000002
Update 27400 | last delta: 0.08100000000000002
Update 27500 | last delta: 0.24390000000000003
Update 27600 | last delta: 0.13851000000000002
Update 27700 | last delta: 0.12465900000000002
Update 27800 | last delta: 0.12465900000000002
Update 27900 | last delta: 0.12465900000000002
Update 28000 | last delta: 0.17780310000000005
Update 28100 | last delta: 0.11219310000000005
Update 28200 | last delta: 0.10097379000000006
Update 28300 | last delta: 0.19755900000000004
Update 28400 | last delta: 0.21951000000000004
Update 28500 | last delta: 0.12465900000000002
Update 28600 | last delta: 0.05904900000000002
Update 28700 | last delta: 0.07290000000000002
Update 28800 | last delta: 0.171
Update 28900 | last delta: 0.07290000000000002
Update 29000 | last delta: 0.13851000000000002
Update 29100 | last delta: 0.05904900000000002
Update 29200 | last delta: 0.09087641099999999
Update 29300 | last delta: 0.171
Update 29400 | last delta: 0.13851000000000002
Update 29500 | last delta: 0.17780310000000005
Update 29600 | last delta: 0.12465900000000002
Update 29700 | last delta: 0.10097379000000006
Update 29800 | last delta: 0.13851000000000002
Update 29900 | last delta: 0.06561
Update 30000 | last delta: 0.06561
Update 30100 | last delta: 0.07290000000000002
Update 30200 | last delta: 0.13851000000000002
Update 30300 | last delta: 0.12465900000000002
Update 30400 | last delta: 0.05904900000000002
Update 30500 | last delta: 0.17780310000000005
Update 30600 | last delta: 0.11219310000000005
Update 30700 | last delta: 0.06561
Update 30800 | last delta: 0.13851000000000002
Update 30900 | last delta: 0.09
Update 31000 | last delta: 0.08100000000000002
Update 31100 | last delta: 0.05904900000000002
Update 31200 | last delta: 0.08100000000000002
Update 31300 | last delta: 0.24390000000000003
Update 31400 | last delta: 0.07290000000000002
Update 31500 | last delta: 0.07290000000000002
Update 31600 | last delta: 0.19755900000000004
Update 31700 | last delta: 0.11219310000000005
Update 31800 | last delta: 0.12465900000000002
Update 31900 | last delta: 0.08100000000000002
Update 32000 | last delta: 0.08100000000000002
Update 32100 | last delta: 0.13851000000000002
Update 32200 | last delta: 0.13851000000000002
Update 32300 | last delta: 0.08100000000000002
Update 32400 | last delta: 0.12465900000000002
Update 32500 | last delta: 0.05904900000000002
Update 32600 | last delta: 0.30951000000000006
Update 32700 | last delta: 0.19755900000000004
Update 32800 | last delta: 0.05904900000000002
Update 32900 | last delta: 0.11219310000000005
Update 33000 | last delta: 0.15390000000000004
Update 33100 | last delta: 0.06561
Update 33200 | last delta: 0.07290000000000002
Update 33300 | last delta: 0.05904900000000002
Update 33400 | last delta: 0.05904900000000002
Update 33500 | last delta: 0.06561
Update 33600 | last delta: 0.171
Update 33700 | last delta: 0.19755900000000004
Update 33800 | last delta: 0.10097379000000006
Update 33900 | last delta: 0.10097379000000006
Update 34000 | last delta: 0.047829690000000036
Update 34100 | last delta: 0.12465900000000002
Update 34200 | last delta: 0.047829690000000036
Update 34300 | last delta: 0.05314410000000003
Update 34400 | last delta: 0.08100000000000002
Update 34500 | last delta: 0.13851000000000002
Update 34600 | last delta: 0.13851000000000002
Update 34700 | last delta: 0.06561
Update 34800 | last delta: 0.13851000000000002
Update 34900 | last delta: 0.05904900000000002
Update 35000 | last delta: 0.09
Update 35100 | last delta: 0.13851000000000002
Update 35200 | last delta: 0.09
Update 35300 | last delta: 0.047829690000000036
Update 35400 | last delta: 0.13851000000000002
Update 35500 | last delta: 0.15390000000000004
Update 35600 | last delta: 0.11219310000000005
Update 35700 | last delta: 0.05904900000000002
Update 35800 | last delta: 0.06561
Update 35900 | last delta: 0.15390000000000004
Update 36000 | last delta: 0.13851000000000002
Update 36100 | last delta: 0.13851000000000002
Update 36200 | last delta: 0.07290000000000002
Update 36300 | last delta: 0.11219310000000005
Update 36400 | last delta: 0.06561
Update 36500 | last delta: 0.11219310000000005
Update 36600 | last delta: 0.05904900000000002
Update 36700 | last delta: 0.05904900000000002
Update 36800 | last delta: 0.05314410000000003
Update 36900 | last delta: 0.05904900000000002
Update 37000 | last delta: 0.09087641099999999
Update 37100 | last delta: 0.09087641099999999
Update 37200 | last delta: 0.09087641099999999
Update 37300 | last delta: 0.07290000000000002
Update 37400 | last delta: 0.06561
Update 37500 | last delta: 0.13851000000000002
Update 37600 | last delta: 0.14402051100000002
Update 37700 | last delta: 0.047829690000000036
Update 37800 | last delta: 0.05904900000000002
Update 37900 | last delta: 0.15390000000000004
Update 38000 | last delta: 0.043046720999999954
Update 38100 | last delta: 0.10097379000000006
Update 38200 | last delta: 0.12465900000000002
Update 38300 | last delta: 0.10097379000000006
Update 38400 | last delta: 0.09087641099999999
Update 38500 | last delta: 0.10097379000000006
Update 38600 | last delta: 0.11219310000000005
Update 38700 | last delta: 0.10097379000000006
Update 38800 | last delta: 0.043046720999999954
Update 38900 | last delta: 0.05314410000000003
Update 39000 | last delta: 0.05904900000000002
Update 39100 | last delta: 0.12465900000000002
Update 39200 | last delta: 0.05314410000000003
Update 39300 | last delta: 0.12465900000000002
Update 39400 | last delta: 0.21951000000000004
Update 39500 | last delta: 0.11219310000000005
Update 39600 | last delta: 0.09087641099999999
Update 39700 | last delta: 0.06561
Update 39800 | last delta: 0.047829690000000036
Update 39900 | last delta: 0.12465900000000002
Update 40000 | last delta: 0.12465900000000002
Update 40100 | last delta: 0.05904900000000002
Update 40200 | last delta: 0.10097379000000006
Update 40300 | last delta: 0.10097379000000006
Update 40400 | last delta: 0.047829690000000036
Update 40500 | last delta: 0.19755900000000004
Update 40600 | last delta: 0.12465900000000002
Update 40700 | last delta: 0.10097379000000006
Update 40800 | last delta: 0.10097379000000006
Update 40900 | last delta: 0.05314410000000003
Update 41000 | last delta: 0.19755900000000004
Update 41100 | last delta: 0.12465900000000002
Update 41200 | last delta: 0.12465900000000002
Update 41300 | last delta: 0.11219310000000005
Update 41400 | last delta: 0.10097379000000006
Update 41500 | last delta: 0.06561
Update 41600 | last delta: 0.10097379000000006
Update 41700 | last delta: 0.10097379000000006
Update 41800 | last delta: 0.047829690000000036
Update 41900 | last delta: 0.05904900000000002
Update 42000 | last delta: 0.08100000000000002
Update 42100 | last delta: 0.05904900000000002
Update 42200 | last delta: 0.10097379000000006
Update 42300 | last delta: 0.09087641099999999
Update 42400 | last delta: 0.12465900000000002
Update 42500 | last delta: 0.13851000000000002
Update 42600 | last delta: 0.047829690000000036
Update 42700 | last delta: 0.05314410000000003
Update 42800 | last delta: 0.06561
Update 42900 | last delta: 0.12465900000000002
Update 43000 | last delta: 0.11219310000000005
Update 43100 | last delta: 0.10097379000000006
Update 43200 | last delta: 0.11219310000000005
Update 43300 | last delta: 0.07290000000000002
Update 43400 | last delta: 0.11219310000000005
Update 43500 | last delta: 0.043046720999999954
Update 43600 | last delta: 0.14402051100000002
Update 43700 | last delta: 0.12465900000000002
Update 43800 | last delta: 0.10097379000000006
Update 43900 | last delta: 0.12465900000000002
Update 44000 | last delta: 0.12465900000000002
Update 44100 | last delta: 0.03874204889999999
Update 44200 | last delta: 0.047829690000000036
Update 44300 | last delta: 0.10097379000000006
Update 44400 | last delta: 0.10097379000000006
Update 44500 | last delta: 0.11219310000000005
Update 44600 | last delta: 0.09087641099999999
Update 44700 | last delta: 0.09087641099999999
Update 44800 | last delta: 0.19755900000000004
Update 44900 | last delta: 0.12465900000000002
Update 45000 | last delta: 0.10097379000000006
Update 45100 | last delta: 0.10097379000000006
Update 45200 | last delta: 0.05314410000000003
Update 45300 | last delta: 0.05314410000000003
Update 45400 | last delta: 0.06561
Update 45500 | last delta: 0.11219310000000005
Update 45600 | last delta: 0.09
Update 45700 | last delta: 0.05314410000000003
Update 45800 | last delta: 0.12465900000000002
Update 45900 | last delta: 0.10097379000000006
Update 46000 | last delta: 0.17780310000000005
Update 46100 | last delta: 0.10097379000000006
Update 46200 | last delta: 0.16002279000000008
Update 46300 | last delta: 0.09087641099999999
Update 46400 | last delta: 0.043046720999999954
Update 46500 | last delta: 0.12465900000000002
Update 46600 | last delta: 0.043046720999999954
Update 46700 | last delta: 0.10097379000000006
Update 46800 | last delta: 0.10097379000000006
Update 46900 | last delta: 0.14402051100000002
Update 47000 | last delta: 0.09087641099999999
Update 47100 | last delta: 0.09087641099999999
Update 47200 | last delta: 0.10097379000000006
Update 47300 | last delta: 0.10097379000000006
Update 47400 | last delta: 0.043046720999999954
Update 47500 | last delta: 0.10097379000000006
Update 47600 | last delta: 0.13851000000000002
Update 47700 | last delta: 0.11219310000000005
Update 47800 | last delta: 0.09087641099999999
Update 47900 | last delta: 0.047829690000000036
Update 48000 | last delta: 0.09
Update 48100 | last delta: 0.047829690000000036
Update 48200 | last delta: 0.10097379000000006
Update 48300 | last delta: 0.043046720999999954
Update 48400 | last delta: 0.09087641099999999
Update 48500 | last delta: 0.10097379000000006
Update 48600 | last delta: 0.17780310000000005
Update 48700 | last delta: 0.16002279000000008
Update 48800 | last delta: 0.12961845989999998
Update 48900 | last delta: 0.05314410000000003
Update 49000 | last delta: 0.047829690000000036
Update 49100 | last delta: 0.09087641099999999
Update 49200 | last delta: 0.08178876989999995
Update 49300 | last delta: 0.08178876989999995
Update 49400 | last delta: 0.08178876989999995
Update 49500 | last delta: 0.08178876989999995
Update 49600 | last delta: 0.08178876989999995
Update 49700 | last delta: 0.12961845989999998
Update 49800 | last delta: 0.08178876989999995
Update 49900 | last delta: 0.08178876989999995
Update 50000 | last delta: 0.047829690000000036
Update 50100 | last delta: 0.07360989290999997
Update 50200 | last delta: 0.08178876989999995
Update 50300 | last delta: 0.16002279000000008
Update 50400 | last delta: 0.03874204889999999
Update 50500 | last delta: 0.08178876989999995
Update 50600 | last delta: 0.08178876989999995
Update 50700 | last delta: 0.08100000000000002
Update 50800 | last delta: 0.06561
Update 50900 | last delta: 0.17780310000000005
Update 51000 | last delta: 0.10097379000000006
Update 51100 | last delta: 0.08100000000000002
Update 51200 | last delta: 0.11219310000000005
Update 51300 | last delta: 0.09087641099999999
Update 51400 | last delta: 0.11219310000000005
Update 51500 | last delta: 0.09087641099999999
Update 51600 | last delta: 0.11219310000000005
Update 51700 | last delta: 0.10097379000000006
Update 51800 | last delta: 0.08100000000000002
Update 51900 | last delta: 0.05314410000000003
Update 52000 | last delta: 0.11219310000000005
Update 52100 | last delta: 0.047829690000000036
Update 52200 | last delta: 0.05314410000000003
Update 52300 | last delta: 0.09087641099999999
Update 52400 | last delta: 0.08178876989999995
Update 52500 | last delta: 0.08178876989999995
Update 52600 | last delta: 0.09087641099999999
Update 52700 | last delta: 0.11219310000000005
Update 52800 | last delta: 0.10097379000000006
Update 52900 | last delta: 0.10097379000000006
Update 53000 | last delta: 0.08178876989999995
Update 53100 | last delta: 0.03874204889999999
Update 53200 | last delta: 0.043046720999999954
Update 53300 | last delta: 0.10097379000000006
Update 53400 | last delta: 0.13851000000000002
Update 53500 | last delta: 0.03874204889999999
Update 53600 | last delta: 0.08178876989999995
Update 53700 | last delta: 0.10097379000000006
Update 53800 | last delta: 0.047829690000000036
Update 53900 | last delta: 0.14402051100000002
Update 54000 | last delta: 0.05904900000000002
Update 54100 | last delta: 0.05314410000000003
Update 54200 | last delta: 0.10097379000000006
Update 54300 | last delta: 0.07290000000000002
Update 54400 | last delta: 0.07360989290999997
Update 54500 | last delta: 0.09087641099999999
Update 54600 | last delta: 0.07290000000000002
Update 54700 | last delta: 0.043046720999999954
Update 54800 | last delta: 0.10097379000000006
Update 54900 | last delta: 0.09087641099999999
Update 55000 | last delta: 0.09087641099999999
Update 55100 | last delta: 0.08178876989999995
Update 55200 | last delta: 0.043046720999999954
Update 55300 | last delta: 0.08178876989999995
Update 55400 | last delta: 0.08178876989999995
Update 55500 | last delta: 0.08178876989999995
Update 55600 | last delta: 0.08178876989999995
Update 55700 | last delta: 0.09087641099999999
Update 55800 | last delta: 0.08178876989999995
Update 55900 | last delta: 0.09087641099999999
Update 56000 | last delta: 0.043046720999999954
Update 56100 | last delta: 0.08178876989999995
Update 56200 | last delta: 0.07360989290999997
Update 56300 | last delta: 0.07360989290999997
Update 56400 | last delta: 0.07360989290999997
Update 56500 | last delta: 0.07360989290999997
Update 56600 | last delta: 0.07360989290999997
Update 56700 | last delta: 0.047829690000000036
Update 56800 | last delta: 0.043046720999999954
Update 56900 | last delta: 0.043046720999999954
Update 57000 | last delta: 0.047829690000000036
Update 57100 | last delta: 0.043046720999999954
Update 57200 | last delta: 0.03874204889999999
Update 57300 | last delta: 0.07360989290999997
Update 57400 | last delta: 0.03874204889999999
Update 57500 | last delta: 0.11665661390999993
Update 57600 | last delta: 0.10499095251899992
Update 57700 | last delta: 0.09087641099999999
Update 57800 | last delta: 0.03486784400999998
Update 57900 | last delta: 0.03486784400999998
Update 58000 | last delta: 0.07360989290999997
Update 58100 | last delta: 0.03874204889999999
Update 58200 | last delta: 0.03486784400999998
Update 58300 | last delta: 0.043046720999999954
Update 58400 | last delta: 0.043046720999999954
Update 58500 | last delta: 0.06624890361899993
Update 58600 | last delta: 0.03486784400999998
Update 58700 | last delta: 0.10097379000000006
Update 58800 | last delta: 0.03874204889999999
Update 58900 | last delta: 0.03486784400999998
Update 59000 | last delta: 0.043046720999999954
Update 59100 | last delta: 0.10097379000000006
Update 59200 | last delta: 0.08178876989999995
Update 59300 | last delta: 0.07360989290999997
Update 59400 | last delta: 0.07360989290999997
Update 59500 | last delta: 0.09087641099999999
Update 59600 | last delta: 0.03486784400999998
Update 59700 | last delta: 0.09087641099999999
Update 59800 | last delta: 0.07360989290999997
Update 59900 | last delta: 0.03874204889999999
Update 60000 | last delta: 0.07360989290999997
Update 60100 | last delta: 0.047829690000000036
Update 60200 | last delta: 0.03874204889999999
Update 60300 | last delta: 0.043046720999999954
Update 60400 | last delta: 0.05314410000000003
Update 60500 | last delta: 0.08178876989999995
Update 60600 | last delta: 0.07360989290999997
Update 60700 | last delta: 0.043046720999999954
Update 60800 | last delta: 0.08178876989999995
Update 60900 | last delta: 0.07360989290999997
Update 61000 | last delta: 0.16448630390999996
Update 61100 | last delta: 0.08178876989999995
Update 61200 | last delta: 0.07360989290999997
Update 61300 | last delta: 0.07360989290999997
Update 61400 | last delta: 0.07360989290999997
Update 61500 | last delta: 0.08178876989999995
Update 61600 | last delta: 0.047829690000000036
Update 61700 | last delta: 0.043046720999999954
Update 61800 | last delta: 0.043046720999999954
Update 61900 | last delta: 0.043046720999999954
Update 62000 | last delta: 0.06624890361899993
Update 62100 | last delta: 0.06624890361899993
Update 62200 | last delta: 0.06624890361899993
Update 62300 | last delta: 0.06624890361899993
Update 62400 | last delta: 0.06624890361899993
Update 62500 | last delta: 0.08178876989999995
Update 62600 | last delta: 0.07360989290999997
Update 62700 | last delta: 0.07360989290999997
Update 62800 | last delta: 0.03486784400999998
Update 62900 | last delta: 0.08178876989999995
Update 63000 | last delta: 0.08178876989999995
Update 63100 | last delta: 0.07360989290999997
Update 63200 | last delta: 0.09087641099999999
Update 63300 | last delta: 0.06624890361899993
Update 63400 | last delta: 0.059624013257099984
Update 63500 | last delta: 0.06624890361899993
Update 63600 | last delta: 0.03486784400999998
Update 63700 | last delta: 0.03486784400999998
Update 63800 | last delta: 0.059624013257099984
Update 63900 | last delta: 0.07360989290999997
Update 64000 | last delta: 0.07360989290999997
Update 64100 | last delta: 0.03486784400999998
Update 64200 | last delta: 0.08178876989999995
Update 64300 | last delta: 0.03138105960899995
Update 64400 | last delta: 0.028242953648100033
Update 64500 | last delta: 0.08178876989999995
Update 64600 | last delta: 0.07360989290999997
Update 64700 | last delta: 0.08178876989999995
Update 64800 | last delta: 0.05904900000000002
Update 64900 | last delta: 0.047829690000000036
Update 65000 | last delta: 0.07360989290999997
Update 65100 | last delta: 0.11665661390999993
Update 65200 | last delta: 0.08178876989999995
Update 65300 | last delta: 0.08178876989999995
Update 65400 | last delta: 0.06624890361899993
Update 65500 | last delta: 0.10499095251899992
Update 65600 | last delta: 0.07360989290999997
Update 65700 | last delta: 0.06624890361899993
Update 65800 | last delta: 0.06624890361899993
Update 65900 | last delta: 0.03486784400999998
Update 66000 | last delta: 0.05314410000000003
Update 66100 | last delta: 0.028242953648100033
Update 66200 | last delta: 0.059624013257099984
Update 66300 | last delta: 0.043046720999999954
Update 66400 | last delta: 0.03486784400999998
Update 66500 | last delta: 0.03138105960899995
Update 66600 | last delta: 0.03486784400999998
Update 66700 | last delta: 0.03486784400999998
Update 66800 | last delta: 0.03138105960899995
Update 66900 | last delta: 0.08178876989999995
Update 67000 | last delta: 0.11665661390999993
Update 67100 | last delta: 0.09449185726709997
Update 67200 | last delta: 0.07360989290999997
Update 67300 | last delta: 0.03486784400999998
Update 67400 | last delta: 0.09449185726709997
Update 67500 | last delta: 0.03138105960899995
Update 67600 | last delta: 0.03874204889999999
Update 67700 | last delta: 0.08178876989999995
Update 67800 | last delta: 0.06624890361899993
Update 67900 | last delta: 0.06624890361899993
Update 68000 | last delta: 0.07360989290999997
Update 68100 | last delta: 0.06624890361899993
Update 68200 | last delta: 0.059624013257099984
Update 68300 | last delta: 0.059624013257099984
Update 68400 | last delta: 0.059624013257099984
Update 68500 | last delta: 0.059624013257099984
Update 68600 | last delta: 0.059624013257099984
Update 68700 | last delta: 0.059624013257099984
Update 68800 | last delta: 0.08178876989999995
Update 68900 | last delta: 0.03138105960899995
Update 69000 | last delta: 0.09449185726709997
Update 69100 | last delta: 0.059624013257099984
Update 69200 | last delta: 0.08504267154039002
Update 69300 | last delta: 0.07360989290999997
Update 69400 | last delta: 0.06624890361899993
Update 69500 | last delta: 0.06624890361899993
Update 69600 | last delta: 0.03138105960899995
Update 69700 | last delta: 0.03486784400999998
Update 69800 | last delta: 0.03138105960899995
Update 69900 | last delta: 0.03486784400999998
Update 70000 | last delta: 0.03138105960899995
Update 70100 | last delta: 0.06624890361899993
Update 70200 | last delta: 0.03138105960899995
Update 70300 | last delta: 0.06624890361899993
Update 70400 | last delta: 0.03486784400999998
Update 70500 | last delta: 0.06624890361899993
Update 70600 | last delta: 0.03486784400999998
Update 70700 | last delta: 0.07360989290999997
Update 70800 | last delta: 0.06624890361899993
Update 70900 | last delta: 0.059624013257099984
Update 71000 | last delta: 0.059624013257099984
Update 71100 | last delta: 0.07360989290999997
Update 71200 | last delta: 0.07360989290999997
Update 71300 | last delta: 0.059624013257099984
Update 71400 | last delta: 0.043046720999999954
Update 71500 | last delta: 0.09087641099999999
Update 71600 | last delta: 0.028242953648100033
Update 71700 | last delta: 0.028242953648100033
Update 71800 | last delta: 0.06624890361899993
Update 71900 | last delta: 0.03138105960899995
Update 72000 | last delta: 0.059624013257099984
Update 72100 | last delta: 0.03138105960899995
Update 72200 | last delta: 0.03486784400999998
Update 72300 | last delta: 0.06624890361899993
Update 72400 | last delta: 0.028242953648100033
Update 72500 | last delta: 0.03486784400999998
Update 72600 | last delta: 0.06624890361899993
Update 72700 | last delta: 0.06624890361899993
Update 72800 | last delta: 0.059624013257099984
Update 72900 | last delta: 0.03138105960899995
Update 73000 | last delta: 0.03874204889999999
Update 73100 | last delta: 0.06624890361899993
Update 73200 | last delta: 0.028242953648100033
Update 73300 | last delta: 0.059624013257099984
Update 73400 | last delta: 0.059624013257099984
Update 73500 | last delta: 0.053661611931390074
Update 73600 | last delta: 0.053661611931390074
Update 73700 | last delta: 0.053661611931390074
Update 73800 | last delta: 0.053661611931390074
Update 73900 | last delta: 0.053661611931390074
Update 74000 | last delta: 0.06624890361899993
Update 74100 | last delta: 0.09449185726709997
Update 74200 | last delta: 0.028242953648100033
Update 74300 | last delta: 0.02541865828329004
Update 74400 | last delta: 0.028242953648100033
Update 74500 | last delta: 0.059624013257099984
Update 74600 | last delta: 0.028242953648100033
Update 74700 | last delta: 0.053661611931390074
Update 74800 | last delta: 0.06624890361899993
Update 74900 | last delta: 0.09449185726709997
Update 75000 | last delta: 0.053661611931390074
Update 75100 | last delta: 0.03138105960899995
Update 75200 | last delta: 0.03874204889999999
Update 75300 | last delta: 0.053661611931390074
Update 75400 | last delta: 0.053661611931390074
Update 75500 | last delta: 0.043046720999999954
Update 75600 | last delta: 0.053661611931390074
Update 75700 | last delta: 0.03138105960899995
Update 75800 | last delta: 0.06624890361899993
Update 75900 | last delta: 0.059624013257099984
Update 76000 | last delta: 0.02541865828329004
Update 76100 | last delta: 0.03138105960899995
Update 76200 | last delta: 0.059624013257099984
Update 76300 | last delta: 0.08178876989999995
Update 76400 | last delta: 0.03486784400999998
Update 76500 | last delta: 0.059624013257099984
Update 76600 | last delta: 0.053661611931390074
Update 76700 | last delta: 0.059624013257099984
Update 76800 | last delta: 0.03138105960899995
Update 76900 | last delta: 0.028242953648100033
Update 77000 | last delta: 0.028242953648100033
Update 77100 | last delta: 0.028242953648100033
Update 77200 | last delta: 0.03138105960899995
Update 77300 | last delta: 0.06624890361899993
Update 77400 | last delta: 0.02541865828329004
Update 77500 | last delta: 0.08178876989999995
Update 77600 | last delta: 0.053661611931390074
Update 77700 | last delta: 0.02541865828329004
Update 77800 | last delta: 0.08178876989999995
Update 77900 | last delta: 0.02541865828329004
Update 78000 | last delta: 0.028242953648100033
Update 78100 | last delta: 0.028242953648100033
Update 78200 | last delta: 0.09449185726709997
Update 78300 | last delta: 0.04829545073825103
Update 78400 | last delta: 0.04829545073825103
Update 78500 | last delta: 0.04829545073825103
Update 78600 | last delta: 0.04829545073825103
Update 78700 | last delta: 0.04829545073825103
Update 78800 | last delta: 0.04829545073825103
Update 78900 | last delta: 0.04829545073825103
Update 79000 | last delta: 0.053661611931390074
Update 79100 | last delta: 0.028242953648100033
Update 79200 | last delta: 0.04829545073825103
Update 79300 | last delta: 0.028242953648100033
Update 79400 | last delta: 0.028242953648100033
Update 79500 | last delta: 0.03874204889999999
Update 79600 | last delta: 0.028242953648100033
Update 79700 | last delta: 0.053661611931390074
Update 79800 | last delta: 0.053661611931390074
Update 79900 | last delta: 0.11665661390999993
Update 80000 | last delta: 0.02541865828329004
Update 80100 | last delta: 0.047829690000000036
Update 80200 | last delta: 0.08504267154039002
Update 80300 | last delta: 0.04829545073825103
Update 80400 | last delta: 0.053661611931390074
Update 80500 | last delta: 0.053661611931390074
Update 80600 | last delta: 0.03138105960899995
Update 80700 | last delta: 0.053661611931390074
Update 80800 | last delta: 0.03874204889999999
Update 80900 | last delta: 0.07653840438635107
Update 81000 | last delta: 0.04829545073825103
Update 81100 | last delta: 0.022876792454960992
Update 81200 | last delta: 0.02541865828329004
Update 81300 | last delta: 0.053661611931390074
Update 81400 | last delta: 0.04829545073825103
Update 81500 | last delta: 0.02541865828329004
Update 81600 | last delta: 0.04829545073825103
Update 81700 | last delta: 0.04829545073825103
Update 81800 | last delta: 0.02541865828329004
Update 81900 | last delta: 0.028242953648100033
Update 82000 | last delta: 0.03486784400999998
Update 82100 | last delta: 0.03874204889999999
Update 82200 | last delta: 0.053661611931390074
Update 82300 | last delta: 0.02541865828329004
Update 82400 | last delta: 0.04829545073825103
Update 82500 | last delta: 0.053661611931390074
Update 82600 | last delta: 0.04829545073825103
Update 82700 | last delta: 0.04829545073825103
Update 82800 | last delta: 0.053661611931390074
Update 82900 | last delta: 0.04829545073825103
Update 83000 | last delta: 0.03874204889999999
Update 83100 | last delta: 0.022876792454960992
Update 83200 | last delta: 0.053661611931390074
Update 83300 | last delta: 0.043465905664425875
Update 83400 | last delta: 0.043465905664425875
Update 83500 | last delta: 0.043465905664425875
Update 83600 | last delta: 0.043465905664425875
Update 83700 | last delta: 0.028242953648100033
Update 83800 | last delta: 0.03874204889999999
Update 83900 | last delta: 0.04829545073825103
Update 84000 | last delta: 0.02541865828329004
Update 84100 | last delta: 0.043046720999999954
Update 84200 | last delta: 0.02541865828329004
Update 84300 | last delta: 0.043465905664425875
Update 84400 | last delta: 0.043465905664425875
Update 84500 | last delta: 0.020589113209464882
Update 84600 | last delta: 0.02541865828329004
Update 84700 | last delta: 0.022876792454960992
Update 84800 | last delta: 0.043046720999999954
Update 84900 | last delta: 0.043465905664425875
Update 85000 | last delta: 0.028242953648100033
Update 85100 | last delta: 0.03486784400999998
Update 85200 | last delta: 0.03486784400999998
Update 85300 | last delta: 0.043465905664425875
Update 85400 | last delta: 0.02541865828329004
Update 85500 | last delta: 0.03138105960899995
Update 85600 | last delta: 0.022876792454960992
Update 85700 | last delta: 0.043465905664425875
Update 85800 | last delta: 0.020589113209464882
Update 85900 | last delta: 0.02541865828329004
Update 86000 | last delta: 0.04829545073825103
Update 86100 | last delta: 0.02541865828329004
Update 86200 | last delta: 0.028242953648100033
Update 86300 | last delta: 0.043465905664425875
Update 86400 | last delta: 0.03138105960899995
Update 86500 | last delta: 0.02541865828329004
Update 86600 | last delta: 0.04829545073825103
Update 86700 | last delta: 0.028242953648100033
Update 86800 | last delta: 0.04829545073825103
Update 86900 | last delta: 0.043465905664425875
Update 87000 | last delta: 0.043465905664425875
Update 87100 | last delta: 0.028242953648100033
Update 87200 | last delta: 0.020589113209464882
Update 87300 | last delta: 0.022876792454960992
Update 87400 | last delta: 0.03486784400999998
Update 87500 | last delta: 0.043465905664425875
Update 87600 | last delta: 0.039119315097983276
Update 87700 | last delta: 0.039119315097983276
Update 87800 | last delta: 0.039119315097983276
Update 87900 | last delta: 0.020589113209464882
Update 88000 | last delta: 0.022876792454960992
Update 88100 | last delta: 0.022876792454960992
Update 88200 | last delta: 0.018530201888518394
Update 88300 | last delta: 0.020589113209464882
Update 88400 | last delta: 0.03486784400999998
Update 88500 | last delta: 0.020589113209464882
Update 88600 | last delta: 0.06624890361899993
Update 88700 | last delta: 0.02541865828329004
Update 88800 | last delta: 0.043465905664425875
Update 88900 | last delta: 0.043465905664425875
Update 89000 | last delta: 0.043465905664425875
Update 89100 | last delta: 0.039119315097983276
Update 89200 | last delta: 0.03874204889999999
Update 89300 | last delta: 0.03486784400999998
Update 89400 | last delta: 0.04829545073825103
Update 89500 | last delta: 0.043465905664425875
Update 89600 | last delta: 0.039119315097983276
Update 89700 | last delta: 0.022876792454960992
Update 89800 | last delta: 0.059624013257099984
Update 89900 | last delta: 0.039119315097983276
Update 90000 | last delta: 0.018530201888518394
Update 90100 | last delta: 0.020589113209464882
Update 90200 | last delta: 0.028242953648100033
Update 90300 | last delta: 0.022876792454960992
Update 90400 | last delta: 0.022876792454960992
Update 90500 | last delta: 0.018530201888518394
Update 90600 | last delta: 0.03138105960899995
Update 90700 | last delta: 0.06199610755294427
Update 90800 | last delta: 0.04829545073825103
Update 90900 | last delta: 0.053661611931390074
Update 91000 | last delta: 0.039119315097983276
Update 91100 | last delta: 0.020589113209464882
Update 91200 | last delta: 0.03138105960899995
Update 91300 | last delta: 0.059624013257099984
Update 91400 | last delta: 0.03138105960899995
Update 91500 | last delta: 0.039119315097983276
Update 91600 | last delta: 0.043465905664425875
Update 91700 | last delta: 0.03138105960899995
Update 91800 | last delta: 0.020589113209464882
Update 91900 | last delta: 0.053661611931390074
Update 92000 | last delta: 0.028242953648100033
Update 92100 | last delta: 0.03520738358818498
Update 92200 | last delta: 0.020589113209464882
Update 92300 | last delta: 0.018530201888518394
Update 92400 | last delta: 0.043465905664425875
Update 92500 | last delta: 0.06199610755294427
Update 92600 | last delta: 0.020589113209464882
Update 92700 | last delta: 0.020589113209464882
Update 92800 | last delta: 0.03486784400999998
Update 92900 | last delta: 0.06199610755294427
Update 93000 | last delta: 0.039119315097983276
Update 93100 | last delta: 0.020589113209464882
Update 93200 | last delta: 0.020589113209464882
Update 93300 | last delta: 0.039119315097983276
Update 93400 | last delta: 0.053661611931390074
Update 93500 | last delta: 0.059624013257099984
Update 93600 | last delta: 0.039119315097983276
Update 93700 | last delta: 0.03138105960899995
Update 93800 | last delta: 0.02541865828329004
Update 93900 | last delta: 0.03520738358818498
Update 94000 | last delta: 0.03520738358818498
Update 94100 | last delta: 0.022876792454960992
Update 94200 | last delta: 0.039119315097983276
Update 94300 | last delta: 0.020589113209464882
Update 94400 | last delta: 0.039119315097983276
Update 94500 | last delta: 0.03520738358818498
Update 94600 | last delta: 0.039119315097983276
Update 94700 | last delta: 0.020589113209464882
Update 94800 | last delta: 0.02541865828329004
Update 94900 | last delta: 0.018530201888518394
Update 95000 | last delta: 0.053661611931390074
Update 95100 | last delta: 0.020589113209464882
Update 95200 | last delta: 0.02541865828329004
Update 95300 | last delta: 0.020589113209464882
Update 95400 | last delta: 0.03520738358818498
Update 95500 | last delta: 0.022876792454960992
Update 95600 | last delta: 0.022876792454960992
Update 95700 | last delta: 0.022876792454960992
Update 95800 | last delta: 0.039119315097983276
Update 95900 | last delta: 0.031686645229366484
Update 96000 | last delta: 0.031686645229366484
Update 96100 | last delta: 0.018530201888518394
Update 96200 | last delta: 0.022876792454960992
Update 96300 | last delta: 0.03138105960899995
Update 96400 | last delta: 0.053661611931390074
Update 96500 | last delta: 0.053661611931390074
Update 96600 | last delta: 0.02541865828329004
Update 96700 | last delta: 0.03520738358818498
Update 96800 | last delta: 0.04829545073825103
Update 96900 | last delta: 0.039119315097983276
Update 97000 | last delta: 0.02541865828329004
Update 97100 | last delta: 0.043465905664425875
Update 97200 | last delta: 0.02541865828329004
Update 97300 | last delta: 0.039119315097983276
Update 97400 | last delta: 0.043465905664425875
Update 97500 | last delta: 0.039119315097983276
Update 97600 | last delta: 0.03520738358818498
Update 97700 | last delta: 0.03520738358818498
Update 97800 | last delta: 0.022876792454960992
Update 97900 | last delta: 0.020589113209464882
Update 98000 | last delta: 0.039119315097983276
Update 98100 | last delta: 0.03520738358818498
Update 98200 | last delta: 0.018530201888518394
Update 98300 | last delta: 0.02541865828329004
Update 98400 | last delta: 0.015009463529699896
Update 98500 | last delta: 0.03520738358818498
Update 98600 | last delta: 0.018530201888518394
Update 98700 | last delta: 0.015009463529699896
Update 98800 | last delta: 0.020589113209464882
Update 98900 | last delta: 0.018530201888518394
Update 99000 | last delta: 0.043465905664425875
Update 99100 | last delta: 0.022876792454960992
Update 99200 | last delta: 0.018530201888518394
Update 99300 | last delta: 0.016677181699666588
Update 99400 | last delta: 0.031686645229366484
Update 99500 | last delta: 0.018530201888518394
Update 99600 | last delta: 0.053661611931390074
Update 99700 | last delta: 0.015009463529699896
Update 99800 | last delta: 0.02541865828329004
Update 99900 | last delta: 0.015009463529699896
Update 100000 | last delta: 0.028517980706429857
Execution time (Prioritized VI): 39.378543608 seconds
Total updates performed: 100000
Nb states discovered (env): 12048
Interactive play is only supported for TicTacToe. Skipping step-by-step display.
