Selected algorithm = INCREMENTAL_VALUE_ITERATION
Selected reward strategy = ONCEANDFORALL
Selected environment = Taxi-driver
Load classical B Machine
Load success
Exploration strategy = PREPROCESS
Start exploration
.Model Checking complete. No error nodes found.Total states: 45

End of exploration 44 | Exploration time: 0.021338624 seconds
Start learning (Incremental Value Iteration)
Iteration: 1 | delta: 1000.0
Iteration: 2 | delta: 808.1
Iteration: 3 | delta: 727.2900000000001
Iteration: 4 | delta: 653.6610000000001
Iteration: 5 | delta: 809.1
Iteration: 6 | delta: 588.2949000000001
Iteration: 7 | delta: 476.5188690000001
Iteration: 8 | delta: 529.4654100000001
Iteration: 9 | delta: 428.2108821000001
Iteration: 10 | delta: 428.2108821000001
Iteration: 11 | delta: 1.2465900000000003
Iteration: 12 | delta: 385.3897938900001
Iteration: 13 | delta: 1.121931
Iteration: 14 | delta: 309.65870205090005
Iteration: 15 | delta: 346.85081450100006
Iteration: 16 | delta: 312.1657330509001
Iteration: 17 | delta: 250.82354866122907
Iteration: 18 | delta: 312.1657330509001
Iteration: 19 | delta: 203.16707441559552
Iteration: 20 | delta: 0.0
Execution time (Incremental VI): 1.066649523 seconds
Nb states discovered (env): 44
Interactive play is only supported for TicTacToe. Skipping step-by-step display.
