Selected algorithm = INCREMENTAL_VALUE_ITERATION
Selected reward strategy = ONCEANDFORALL
Selected environment = Taxi-driver
Load classical B Machine
Load success
Exploration strategy = PREPROCESS
Start exploration
.Model Checking complete. No error nodes found.Total states: 45

End of exploration 44 | Exploration time: 0.020012724 seconds
Start learning (Incremental Value Iteration)
Iteration: 1 | delta: 1000.0
Iteration: 2 | delta: 900.0
Iteration: 3 | delta: 899.0
Iteration: 4 | delta: 728.19
Iteration: 5 | delta: 528.6554100000001
Iteration: 6 | delta: 589.1049000000002
Iteration: 7 | delta: 1.71
Iteration: 8 | delta: 475.78986900000007
Iteration: 9 | delta: 1.5390000000000001
Iteration: 10 | delta: 427.48188210000006
Iteration: 11 | delta: 311.63429205090006
Iteration: 12 | delta: 279.34893184581006
Iteration: 13 | delta: 225.15070379510615
Iteration: 14 | delta: 277.96383184581003
Iteration: 15 | delta: 0.0
Execution time (Incremental VI): 0.956467081 seconds
Nb states discovered (env): 44
Interactive play is only supported for TicTacToe. Skipping step-by-step display.
