Selected algorithm = PRIORITIZED_VALUE_ITERATION
Selected reward strategy = ONCEANDFORALL
Selected environment = Interlocking
Load classical B Machine
Load success
Exploration strategy = RECURSIVE
Start exploration

End of exploration 100226 | Exploration time: 135.612201561 seconds
Start learning (Prioritized Value Iteration)
Update 100 | last delta: 5000.0
Update 200 | last delta: 5000.0
Update 300 | last delta: 5000.0
Update 400 | last delta: 5000.0
Update 500 | last delta: 5000.0
Update 600 | last delta: 5000.0
Update 700 | last delta: 4499.0
Update 800 | last delta: 4048.1
Update 900 | last delta: 4048.1
Update 1000 | last delta: 3642.29
Update 1100 | last delta: 3642.29
Update 1200 | last delta: 3642.29
Update 1300 | last delta: 3277.061
Update 1400 | last delta: 3277.061
Update 1500 | last delta: 3277.061
Update 1600 | last delta: 3277.061
Update 1700 | last delta: 2948.3549000000003
Update 1800 | last delta: 2948.3549000000003
Update 1900 | last delta: 2948.3549000000003
Update 2000 | last delta: 2948.3549000000003
Update 2100 | last delta: 2948.3549000000003
Update 2200 | last delta: 2948.3549000000003
Update 2300 | last delta: 2652.5194100000003
Update 2400 | last delta: 2652.5194100000003
Update 2500 | last delta: 2652.5194100000003
Update 2600 | last delta: 2652.5194100000003
Update 2700 | last delta: 2652.5194100000003
Update 2800 | last delta: 2652.5194100000003
Update 2900 | last delta: 2652.5194100000003
Update 3000 | last delta: 2652.5194100000003
Update 3100 | last delta: 2652.5194100000003
Update 3200 | last delta: 2652.5194100000003
Update 3300 | last delta: 2652.5194100000003
Update 3400 | last delta: 2386.2674690000003
Update 3500 | last delta: 2386.2674690000003
Update 3600 | last delta: 2386.2674690000003
Update 3700 | last delta: 2386.2674690000003
Update 3800 | last delta: 2386.2674690000003
Update 3900 | last delta: 2386.2674690000003
Update 4000 | last delta: 2386.2674690000003
Update 4100 | last delta: 2386.2674690000003
Update 4200 | last delta: 2386.2674690000003
Update 4300 | last delta: 2386.2674690000003
Update 4400 | last delta: 2386.2674690000003
Update 4500 | last delta: 2386.2674690000003
Update 4600 | last delta: 2146.6407221000004
Update 4700 | last delta: 2146.6407221000004
Update 4800 | last delta: 2146.6407221000004
Update 4900 | last delta: 2146.6407221000004
Update 5000 | last delta: 2146.6407221000004
Update 5100 | last delta: 2146.6407221000004
Update 5200 | last delta: 2146.6407221000004
Update 5300 | last delta: 2146.6407221000004
Update 5400 | last delta: 2146.6407221000004
Update 5500 | last delta: 2146.6407221000004
Update 5600 | last delta: 2146.6407221000004
Update 5700 | last delta: 2146.6407221000004
Update 5800 | last delta: 2146.6407221000004
Update 5900 | last delta: 2146.6407221000004
Update 6000 | last delta: 2146.6407221000004
Update 6100 | last delta: 2146.6407221000004
Update 6200 | last delta: 1930.9766498900003
Update 6300 | last delta: 1930.9766498900003
Update 6400 | last delta: 1930.9766498900003
Update 6500 | last delta: 1930.9766498900003
Update 6600 | last delta: 1930.9766498900003
Update 6700 | last delta: 1930.9766498900003
Update 6800 | last delta: 1930.9766498900003
Update 6900 | last delta: 1930.9766498900003
Update 7000 | last delta: 1930.9766498900003
Update 7100 | last delta: 1930.9766498900003
Update 7200 | last delta: 1930.9766498900003
Update 7300 | last delta: 1930.9766498900003
Update 7400 | last delta: 1930.9766498900003
Update 7500 | last delta: 1930.9766498900003
Update 7600 | last delta: 1930.9766498900003
Update 7700 | last delta: 1930.9766498900003
Update 7800 | last delta: 1930.9766498900003
Update 7900 | last delta: 1930.9766498900003
Update 8000 | last delta: 1736.8789849010004
Update 8100 | last delta: 1736.8789849010004
Update 8200 | last delta: 1736.8789849010004
Update 8300 | last delta: 1736.8789849010004
Update 8400 | last delta: 1736.8789849010004
Update 8500 | last delta: 1736.8789849010004
Update 8600 | last delta: 1736.8789849010004
Update 8700 | last delta: 1736.8789849010004
Update 8800 | last delta: 1736.8789849010004
Update 8900 | last delta: 1736.8789849010004
Update 9000 | last delta: 1736.8789849010004
Update 9100 | last delta: 1736.8789849010004
Update 9200 | last delta: 1736.8789849010004
Update 9300 | last delta: 1736.8789849010004
Update 9400 | last delta: 1736.8789849010004
Update 9500 | last delta: 1736.8789849010004
Update 9600 | last delta: 1736.8789849010004
Update 9700 | last delta: 1736.8789849010004
Update 9800 | last delta: 1736.8789849010004
Update 9900 | last delta: 1736.8789849010004
Update 10000 | last delta: 1736.8789849010004
Update 10100 | last delta: 1736.8789849010004
Update 10200 | last delta: 1562.1910864109004
Update 10300 | last delta: 1562.1910864109004
Update 10400 | last delta: 1562.1910864109004
Update 10500 | last delta: 1562.1910864109004
Update 10600 | last delta: 1562.1910864109004
Update 10700 | last delta: 1562.1910864109004
Update 10800 | last delta: 1562.1910864109004
Update 10900 | last delta: 1562.1910864109004
Update 11000 | last delta: 1562.1910864109004
Update 11100 | last delta: 1562.1910864109004
Update 11200 | last delta: 1562.1910864109004
Update 11300 | last delta: 1562.1910864109004
Update 11400 | last delta: 1562.1910864109004
Update 11500 | last delta: 1562.1910864109004
Update 11600 | last delta: 1562.1910864109004
Update 11700 | last delta: 1562.1910864109004
Update 11800 | last delta: 1562.1910864109004
Update 11900 | last delta: 1562.1910864109004
Update 12000 | last delta: 1562.1910864109004
Update 12100 | last delta: 1562.1910864109004
Update 12200 | last delta: 1562.1910864109004
Update 12300 | last delta: 1562.1910864109004
Update 12400 | last delta: 1404.9719777698103
Update 12500 | last delta: 1404.9719777698103
Update 12600 | last delta: 1404.9719777698103
Update 12700 | last delta: 1404.9719777698103
Update 12800 | last delta: 1404.9719777698103
Update 12900 | last delta: 1404.9719777698103
Update 13000 | last delta: 1404.9719777698103
Update 13100 | last delta: 1404.9719777698103
Update 13200 | last delta: 1404.9719777698103
Update 13300 | last delta: 1404.9719777698103
Update 13400 | last delta: 1404.9719777698103
Update 13500 | last delta: 1404.9719777698103
Update 13600 | last delta: 1404.9719777698103
Update 13700 | last delta: 1404.9719777698103
Update 13800 | last delta: 1404.9719777698103
Update 13900 | last delta: 1404.9719777698103
Update 14000 | last delta: 1404.9719777698103
Update 14100 | last delta: 1404.9719777698103
Update 14200 | last delta: 1404.9719777698103
Update 14300 | last delta: 1404.9719777698103
Update 14400 | last delta: 1404.9719777698103
Update 14500 | last delta: 1404.9719777698103
Update 14600 | last delta: 1263.4747799928293
Update 14700 | last delta: 1263.4747799928293
Update 14800 | last delta: 1263.4747799928293
Update 14900 | last delta: 1263.4747799928293
Update 15000 | last delta: 1263.4747799928293
Update 15100 | last delta: 1263.4747799928293
Update 15200 | last delta: 1263.4747799928293
Update 15300 | last delta: 1263.4747799928293
Update 15400 | last delta: 1263.4747799928293
Update 15500 | last delta: 1263.4747799928293
Update 15600 | last delta: 1263.4747799928293
Update 15700 | last delta: 1263.4747799928293
Update 15800 | last delta: 1263.4747799928293
Update 15900 | last delta: 1263.4747799928293
Update 16000 | last delta: 1263.4747799928293
Update 16100 | last delta: 1263.4747799928293
Update 16200 | last delta: 1263.4747799928293
Update 16300 | last delta: 1263.4747799928293
Update 16400 | last delta: 1263.4747799928293
Update 16500 | last delta: 1263.4747799928293
Update 16600 | last delta: 1263.4747799928293
Update 16700 | last delta: 1263.4747799928293
Update 16800 | last delta: 1263.4747799928293
Update 16900 | last delta: 1263.4747799928293
Update 17000 | last delta: 1136.1273019935463
Update 17100 | last delta: 1136.1273019935463
Update 17200 | last delta: 1136.1273019935463
Update 17300 | last delta: 1136.1273019935463
Update 17400 | last delta: 1136.1273019935463
Update 17500 | last delta: 1136.1273019935463
Update 17600 | last delta: 1136.1273019935463
Update 17700 | last delta: 1136.1273019935463
Update 17800 | last delta: 1136.1273019935463
Update 17900 | last delta: 1136.1273019935463
Update 18000 | last delta: 1136.1273019935463
Update 18100 | last delta: 1136.1273019935463
Update 18200 | last delta: 1136.1273019935463
Update 18300 | last delta: 1136.1273019935463
Update 18400 | last delta: 1136.1273019935463
Update 18500 | last delta: 1136.1273019935463
Update 18600 | last delta: 1136.1273019935463
Update 18700 | last delta: 1136.1273019935463
Update 18800 | last delta: 1136.1273019935463
Update 18900 | last delta: 1136.1273019935463
Update 19000 | last delta: 1136.1273019935463
Update 19100 | last delta: 1136.1273019935463
Update 19200 | last delta: 1136.1273019935463
Update 19300 | last delta: 1136.1273019935463
Update 19400 | last delta: 1136.1273019935463
Update 19500 | last delta: 1021.5145717941917
Update 19600 | last delta: 1021.5145717941917
Update 19700 | last delta: 1021.5145717941917
Update 19800 | last delta: 1021.5145717941917
Update 19900 | last delta: 1021.5145717941917
Update 20000 | last delta: 1021.5145717941917
Update 20100 | last delta: 1021.5145717941917
Update 20200 | last delta: 1021.5145717941917
Update 20300 | last delta: 1021.5145717941917
Update 20400 | last delta: 1021.5145717941917
Update 20500 | last delta: 1021.5145717941917
Update 20600 | last delta: 1021.5145717941917
Update 20700 | last delta: 1021.5145717941917
Update 20800 | last delta: 1021.5145717941917
Update 20900 | last delta: 1021.5145717941917
Update 21000 | last delta: 1021.5145717941917
Update 21100 | last delta: 1021.5145717941917
Update 21200 | last delta: 1021.5145717941917
Update 21300 | last delta: 1021.5145717941917
Update 21400 | last delta: 1021.5145717941917
Update 21500 | last delta: 1021.5145717941917
Update 21600 | last delta: 1021.5145717941917
Update 21700 | last delta: 1021.5145717941917
Update 21800 | last delta: 1021.5145717941917
Update 21900 | last delta: 1021.5145717941917
Update 22000 | last delta: 1021.5145717941917
Update 22100 | last delta: 918.3631146147726
Update 22200 | last delta: 918.3631146147726
Update 22300 | last delta: 918.3631146147726
Update 22400 | last delta: 918.3631146147726
Update 22500 | last delta: 918.3631146147726
Update 22600 | last delta: 918.3631146147726
Update 22700 | last delta: 918.3631146147726
Update 22800 | last delta: 918.3631146147726
Update 22900 | last delta: 918.3631146147726
Update 23000 | last delta: 918.3631146147726
Update 23100 | last delta: 918.3631146147726
Update 23200 | last delta: 918.3631146147726
Update 23300 | last delta: 918.3631146147726
Update 23400 | last delta: 918.3631146147726
Update 23500 | last delta: 918.3631146147726
Update 23600 | last delta: 918.3631146147726
Update 23700 | last delta: 918.3631146147726
Update 23800 | last delta: 918.3631146147726
Update 23900 | last delta: 918.3631146147726
Update 24000 | last delta: 918.3631146147726
Update 24100 | last delta: 918.3631146147726
Update 24200 | last delta: 918.3631146147726
Update 24300 | last delta: 918.3631146147726
Update 24400 | last delta: 918.3631146147726
Update 24500 | last delta: 825.5268031532953
Update 24600 | last delta: 825.5268031532953
Update 24700 | last delta: 825.5268031532953
Update 24800 | last delta: 825.5268031532953
Update 24900 | last delta: 825.5268031532953
Update 25000 | last delta: 825.5268031532953
Update 25100 | last delta: 825.5268031532953
Update 25200 | last delta: 825.5268031532953
Update 25300 | last delta: 825.5268031532953
Update 25400 | last delta: 825.5268031532953
Update 25500 | last delta: 825.5268031532953
Update 25600 | last delta: 825.5268031532953
Update 25700 | last delta: 825.5268031532953
Update 25800 | last delta: 825.5268031532953
Update 25900 | last delta: 825.5268031532953
Update 26000 | last delta: 825.5268031532953
Update 26100 | last delta: 825.5268031532953
Update 26200 | last delta: 825.5268031532953
Update 26300 | last delta: 825.5268031532953
Update 26400 | last delta: 825.5268031532953
Update 26500 | last delta: 741.9741228379658
Update 26600 | last delta: 741.9741228379658
Update 26700 | last delta: 741.9741228379658
Update 26800 | last delta: 741.9741228379658
Update 26900 | last delta: 741.9741228379658
Update 27000 | last delta: 741.9741228379658
Update 27100 | last delta: 741.9741228379658
Update 27200 | last delta: 741.9741228379658
Update 27300 | last delta: 741.9741228379658
Update 27400 | last delta: 741.9741228379658
Update 27500 | last delta: 741.9741228379658
Update 27600 | last delta: 741.9741228379658
Update 27700 | last delta: 741.9741228379658
Update 27800 | last delta: 741.9741228379658
Update 27900 | last delta: 741.9741228379658
Update 28000 | last delta: 741.9741228379658
Update 28100 | last delta: 741.9741228379658
Update 28200 | last delta: 741.9741228379658
Update 28300 | last delta: 741.9741228379658
Update 28400 | last delta: 666.7767105541692
Update 28500 | last delta: 666.7767105541692
Update 28600 | last delta: 666.7767105541692
Update 28700 | last delta: 666.7767105541692
Update 28800 | last delta: 666.7767105541692
Update 28900 | last delta: 666.7767105541692
Update 29000 | last delta: 666.7767105541692
Update 29100 | last delta: 666.7767105541692
Update 29200 | last delta: 666.7767105541692
Update 29300 | last delta: 666.7767105541692
Update 29400 | last delta: 666.7767105541692
Update 29500 | last delta: 666.7767105541692
Update 29600 | last delta: 666.7767105541692
Update 29700 | last delta: 666.7767105541692
Update 29800 | last delta: 666.7767105541692
Update 29900 | last delta: 666.7767105541692
Update 30000 | last delta: 666.7767105541692
Update 30100 | last delta: 666.7767105541692
Update 30200 | last delta: 599.0990394987523
Update 30300 | last delta: 599.0990394987523
Update 30400 | last delta: 599.0990394987523
Update 30500 | last delta: 599.0990394987523
Update 30600 | last delta: 599.0990394987523
Update 30700 | last delta: 599.0990394987523
Update 30800 | last delta: 599.0990394987523
Update 30900 | last delta: 599.0990394987523
Update 31000 | last delta: 599.0990394987523
Update 31100 | last delta: 599.0990394987523
Update 31200 | last delta: 599.0990394987523
Update 31300 | last delta: 599.0990394987523
Update 31400 | last delta: 599.0990394987523
Update 31500 | last delta: 599.0990394987523
Update 31600 | last delta: 599.0990394987523
Update 31700 | last delta: 599.0990394987523
Update 31800 | last delta: 599.0990394987523
Update 31900 | last delta: 538.1891355488771
Update 32000 | last delta: 538.1891355488771
Update 32100 | last delta: 538.1891355488771
Update 32200 | last delta: 538.1891355488771
Update 32300 | last delta: 538.1891355488771
Update 32400 | last delta: 538.1891355488771
Update 32500 | last delta: 538.1891355488771
Update 32600 | last delta: 538.1891355488771
Update 32700 | last delta: 538.1891355488771
Update 32800 | last delta: 538.1891355488771
Update 32900 | last delta: 538.1891355488771
Update 33000 | last delta: 538.1891355488771
Update 33100 | last delta: 538.1891355488771
Update 33200 | last delta: 538.1891355488771
Update 33300 | last delta: 538.1891355488771
Update 33400 | last delta: 538.1891355488771
Update 33500 | last delta: 538.1891355488771
Update 33600 | last delta: 538.1891355488771
Update 33700 | last delta: 483.3702219939894
Update 33800 | last delta: 483.3702219939894
Update 33900 | last delta: 483.3702219939894
Update 34000 | last delta: 483.3702219939894
Update 34100 | last delta: 483.3702219939894
Update 34200 | last delta: 483.3702219939894
Update 34300 | last delta: 483.3702219939894
Update 34400 | last delta: 483.3702219939894
Update 34500 | last delta: 483.3702219939894
Update 34600 | last delta: 483.3702219939894
Update 34700 | last delta: 483.3702219939894
Update 34800 | last delta: 483.3702219939894
Update 34900 | last delta: 483.3702219939894
Update 35000 | last delta: 483.3702219939894
Update 35100 | last delta: 483.3702219939894
Update 35200 | last delta: 483.3702219939894
Update 35300 | last delta: 483.3702219939894
Update 35400 | last delta: 483.3702219939894
Update 35500 | last delta: 434.0331997945905
Update 35600 | last delta: 434.0331997945905
Update 35700 | last delta: 434.0331997945905
Update 35800 | last delta: 434.0331997945905
Update 35900 | last delta: 434.0331997945905
Update 36000 | last delta: 434.0331997945905
Update 36100 | last delta: 434.0331997945905
Update 36200 | last delta: 434.0331997945905
Update 36300 | last delta: 434.0331997945905
Update 36400 | last delta: 434.0331997945905
Update 36500 | last delta: 434.0331997945905
Update 36600 | last delta: 434.0331997945905
Update 36700 | last delta: 434.0331997945905
Update 36800 | last delta: 434.0331997945905
Update 36900 | last delta: 434.0331997945905
Update 37000 | last delta: 434.0331997945905
Update 37100 | last delta: 434.0331997945905
Update 37200 | last delta: 389.62987981513146
Update 37300 | last delta: 389.62987981513146
Update 37400 | last delta: 389.62987981513146
Update 37500 | last delta: 389.62987981513146
Update 37600 | last delta: 389.62987981513146
Update 37700 | last delta: 389.62987981513146
Update 37800 | last delta: 389.62987981513146
Update 37900 | last delta: 389.62987981513146
Update 38000 | last delta: 389.62987981513146
Update 38100 | last delta: 389.62987981513146
Update 38200 | last delta: 389.62987981513146
Update 38300 | last delta: 389.62987981513146
Update 38400 | last delta: 389.62987981513146
Update 38500 | last delta: 389.62987981513146
Update 38600 | last delta: 389.62987981513146
Update 38700 | last delta: 389.62987981513146
Update 38800 | last delta: 389.62987981513146
Update 38900 | last delta: 349.6668918336183
Update 39000 | last delta: 349.6668918336183
Update 39100 | last delta: 349.6668918336183
Update 39200 | last delta: 349.6668918336183
Update 39300 | last delta: 349.6668918336183
Update 39400 | last delta: 349.6668918336183
Update 39500 | last delta: 349.6668918336183
Update 39600 | last delta: 349.6668918336183
Update 39700 | last delta: 349.6668918336183
Update 39800 | last delta: 349.6668918336183
Update 39900 | last delta: 349.6668918336183
Update 40000 | last delta: 349.6668918336183
Update 40100 | last delta: 349.6668918336183
Update 40200 | last delta: 349.6668918336183
Update 40300 | last delta: 349.6668918336183
Update 40400 | last delta: 313.7002026502565
Update 40500 | last delta: 313.7002026502565
Update 40600 | last delta: 313.7002026502565
Update 40700 | last delta: 313.7002026502565
Update 40800 | last delta: 313.7002026502565
Update 40900 | last delta: 313.7002026502565
Update 41000 | last delta: 313.7002026502565
Update 41100 | last delta: 313.7002026502565
Update 41200 | last delta: 313.7002026502565
Update 41300 | last delta: 313.7002026502565
Update 41400 | last delta: 313.7002026502565
Update 41500 | last delta: 313.7002026502565
Update 41600 | last delta: 313.7002026502565
Update 41700 | last delta: 313.7002026502565
Update 41800 | last delta: 281.33018238523084
Update 41900 | last delta: 281.33018238523084
Update 42000 | last delta: 281.33018238523084
Update 42100 | last delta: 281.33018238523084
Update 42200 | last delta: 281.33018238523084
Update 42300 | last delta: 281.33018238523084
Update 42400 | last delta: 281.33018238523084
Update 42500 | last delta: 281.33018238523084
Update 42600 | last delta: 281.33018238523084
Update 42700 | last delta: 281.33018238523084
Update 42800 | last delta: 281.33018238523084
Update 42900 | last delta: 281.33018238523084
Update 43000 | last delta: 281.33018238523084
Update 43100 | last delta: 252.19716414670776
Update 43200 | last delta: 252.19716414670776
Update 43300 | last delta: 252.19716414670776
Update 43400 | last delta: 252.19716414670776
Update 43500 | last delta: 252.19716414670776
Update 43600 | last delta: 252.19716414670776
Update 43700 | last delta: 252.19716414670776
Update 43800 | last delta: 252.19716414670776
Update 43900 | last delta: 252.19716414670776
Update 44000 | last delta: 252.19716414670776
Update 44100 | last delta: 252.19716414670776
Update 44200 | last delta: 252.19716414670776
Update 44300 | last delta: 225.97744773203698
Update 44400 | last delta: 225.97744773203698
Update 44500 | last delta: 225.97744773203698
Update 44600 | last delta: 225.97744773203698
Update 44700 | last delta: 225.97744773203698
Update 44800 | last delta: 225.97744773203698
Update 44900 | last delta: 225.97744773203698
Update 45000 | last delta: 225.97744773203698
Update 45100 | last delta: 225.97744773203698
Update 45200 | last delta: 225.97744773203698
Update 45300 | last delta: 225.97744773203698
Update 45400 | last delta: 225.97744773203698
Update 45500 | last delta: 202.3797029588333
Update 45600 | last delta: 202.3797029588333
Update 45700 | last delta: 202.3797029588333
Update 45800 | last delta: 202.3797029588333
Update 45900 | last delta: 202.3797029588333
Update 46000 | last delta: 202.3797029588333
Update 46100 | last delta: 202.3797029588333
Update 46200 | last delta: 202.3797029588333
Update 46300 | last delta: 202.3797029588333
Update 46400 | last delta: 202.3797029588333
Update 46500 | last delta: 202.3797029588333
Update 46600 | last delta: 181.14173266294998
Update 46700 | last delta: 181.14173266294998
Update 46800 | last delta: 181.14173266294998
Update 46900 | last delta: 181.14173266294998
Update 47000 | last delta: 181.14173266294998
Update 47100 | last delta: 181.14173266294998
Update 47200 | last delta: 181.14173266294998
Update 47300 | last delta: 181.14173266294998
Update 47400 | last delta: 181.14173266294998
Update 47500 | last delta: 181.14173266294998
Update 47600 | last delta: 181.14173266294998
Update 47700 | last delta: 181.14173266294998
Update 47800 | last delta: 162.027559396655
Update 47900 | last delta: 162.027559396655
Update 48000 | last delta: 162.027559396655
Update 48100 | last delta: 162.027559396655
Update 48200 | last delta: 162.027559396655
Update 48300 | last delta: 162.027559396655
Update 48400 | last delta: 162.027559396655
Update 48500 | last delta: 162.027559396655
Update 48600 | last delta: 162.027559396655
Update 48700 | last delta: 162.027559396655
Update 48800 | last delta: 144.82480345698949
Update 48900 | last delta: 144.82480345698949
Update 49000 | last delta: 144.82480345698949
Update 49100 | last delta: 144.82480345698949
Update 49200 | last delta: 144.82480345698949
Update 49300 | last delta: 144.82480345698949
Update 49400 | last delta: 144.82480345698949
Update 49500 | last delta: 144.82480345698949
Update 49600 | last delta: 129.34232311129054
Update 49700 | last delta: 129.34232311129054
Update 49800 | last delta: 129.34232311129054
Update 49900 | last delta: 129.34232311129054
Update 50000 | last delta: 129.34232311129054
Update 50100 | last delta: 129.34232311129054
Update 50200 | last delta: 129.34232311129054
Update 50300 | last delta: 115.40809080016149
Update 50400 | last delta: 115.40809080016149
Update 50500 | last delta: 115.40809080016149
Update 50600 | last delta: 115.40809080016149
Update 50700 | last delta: 115.40809080016149
Update 50800 | last delta: 115.40809080016149
Update 50900 | last delta: 115.40809080016149
Update 51000 | last delta: 102.86728172014534
Update 51100 | last delta: 102.86728172014534
Update 51200 | last delta: 102.86728172014534
Update 51300 | last delta: 102.86728172014534
Update 51400 | last delta: 102.86728172014534
Update 51500 | last delta: 102.86728172014534
Update 51600 | last delta: 91.58055354813081
Update 51700 | last delta: 91.58055354813081
Update 51800 | last delta: 91.58055354813081
Update 51900 | last delta: 91.58055354813081
Update 52000 | last delta: 91.58055354813081
Update 52100 | last delta: 81.42249819331774
Update 52200 | last delta: 81.42249819331774
Update 52300 | last delta: 81.42249819331774
Update 52400 | last delta: 72.28024837398597
Update 52500 | last delta: 72.28024837398597
Update 52600 | last delta: 64.05222353658738
Update 52700 | last delta: 49.98230106463578
Update 52800 | last delta: 38.585663862354984
Update 52900 | last delta: 15.820413788673797
Update 53000 | last delta: 10.914535168825777
Update 53100 | last delta: 1.0
Update 53200 | last delta: 1.0
Update 53300 | last delta: 1.0
Update 53400 | last delta: 1.0
Update 53500 | last delta: 1.0
Update 53600 | last delta: 1.0
Update 53700 | last delta: 1.0
Update 53800 | last delta: 1.0
Update 53900 | last delta: 1.0
Update 54000 | last delta: 6.12579511
Update 54100 | last delta: 1.0
Update 54200 | last delta: 1.0
Update 54300 | last delta: 1.0
Update 54400 | last delta: 2.71
Update 54500 | last delta: 1.0
Update 54600 | last delta: 1.0
Update 54700 | last delta: 1.0
Update 54800 | last delta: 1.0
Update 54900 | last delta: 1.0
Update 55000 | last delta: 1.121931
Update 55100 | last delta: 1.121931
Update 55200 | last delta: 1.0
Update 55300 | last delta: 1.0
Update 55400 | last delta: 1.0
Update 55500 | last delta: 1.0
Update 55600 | last delta: 1.0
Update 55700 | last delta: 1.0
Update 55800 | last delta: 1.0
Update 55900 | last delta: 1.0
Update 56000 | last delta: 2.71
Update 56100 | last delta: 1.0
Update 56200 | last delta: 1.0
Update 56300 | last delta: 1.9
Update 56400 | last delta: 1.0
Update 56500 | last delta: 1.0
Update 56600 | last delta: 1.0
Update 56700 | last delta: 1.0
Update 56800 | last delta: 1.0
Update 56900 | last delta: 1.0
Update 57000 | last delta: 1.0
Update 57100 | last delta: 1.0
Update 57200 | last delta: 1.0
Update 57300 | last delta: 1.0
Update 57400 | last delta: 1.0
Update 57500 | last delta: 1.0
Update 57600 | last delta: 1.0
Update 57700 | last delta: 2.71
Update 57800 | last delta: 1.0
Update 57900 | last delta: 1.0
Update 58000 | last delta: 1.0
Update 58100 | last delta: 1.0
Update 58200 | last delta: 1.0
Update 58300 | last delta: 1.0
Update 58400 | last delta: 1.0
Update 58500 | last delta: 1.9
Update 58600 | last delta: 1.0
Update 58700 | last delta: 4.0951
Update 58800 | last delta: 1.0
Update 58900 | last delta: 1.0
Update 59000 | last delta: 1.9
Update 59100 | last delta: 1.0
Update 59200 | last delta: 1.9
Update 59300 | last delta: 8.784233454094334
