Selected algorithm = PRIORITIZED_VALUE_ITERATION
Selected reward strategy = ONCEANDFORALL
Selected environment = Frozen_lake
Load classical B Machine
Load success
Exploration strategy = PREPROCESS
Start exploration
.Model Checking complete. No error nodes found.Total states: 45

End of exploration 44 | Exploration time: 0.020198485 seconds
Start learning (Prioritized Value Iteration)
Update 100 | last delta: 810.0
Update 200 | last delta: 662.4890361900002
Update 300 | last delta: 348.67844010000044
Update 400 | last delta: 285.179807064299
Update 500 | last delta: 150.0946352969986
Update 600 | last delta: 121.57665459056807
Update 700 | last delta: 89.492445247678
Update 800 | last delta: 52.334763302736974
Update 900 | last delta: 38.15204244769484
Update 1000 | last delta: 31.20408620969465
Update 1100 | last delta: 16.423203268261204
Update 1200 | last delta: 13.432335931285706
Update 1300 | last delta: 10.880192104342314
Update 1400 | last delta: 5.153775207319995
Update 1500 | last delta: 3.757102126135578
Update 1600 | last delta: 3.072887612854174
Update 1700 | last delta: 3.072887612854174
Update 1800 | last delta: 1.1790184577730543
Update 1900 | last delta: 1.190499621613526
Update 2000 | last delta: 0.8678742241572763
Update 2100 | last delta: 0.36998848503571935
Update 2200 | last delta: 0.2697216055912577
Update 2300 | last delta: 0.22060198336748726
Update 2400 | last delta: 0.11610630703580682
Update 2500 | last delta: 0.08464149782776076
Update 2600 | last delta: 0.06922723989919177
Update 2700 | last delta: 0.05607406431772688
Update 2800 | last delta: 0.050466657885408495
Update 2900 | last delta: 0.02413804602019809
Update 3000 | last delta: 0.01955181727589661
Execution time (Prioritized VI): 47.553923047 seconds
Total updates performed: 3087
Nb states discovered (env): 44
Interactive play is only supported for TicTacToe. Skipping step-by-step display.
