Selected algorithm = VALUE_ITERATION
Selected reward strategy = EMBEDDED
Selected environment = Mountain_Carembedded
Load classical B Machine
de.prob.exception.ProBError: ProB returned error messages:
Error: Machine name does not match the file name: 'MountainCar' vs 'MountainCarBis' (/home/idania/rllib4prob/target/classes/Mountain_Car/MountainCarBis.mch:2:4 to 2:15)
	at de.prob.scripting.ClassicalBFactory.extract(ClassicalBFactory.java:76)
	at de.prob.scripting.Api.b_load(Api.java:127)
	at de.prob.scripting.Api.b_load(Api.java:137)
	at fr.polytech.mnia.Environment.MyProb.load(MyProb.java:47)
	at fr.polytech.mnia.Environment.Environment.<init>(Environment.java:54)
	at fr.polytech.mnia.Environment.ModelBasedEnvironment.<init>(ModelBasedEnvironment.java:11)
	at fr.polytech.mnia.Environment.MountainCarEnvironment.<init>(MountainCarEnvironment.java:6)
	at fr.polytech.mnia.Environment.EnvironmentFactory.create(EnvironmentFactory.java:21)
	at fr.polytech.mnia.App.main(App.java:49)
	at org.codehaus.mojo.exec.ExecJavaMojo$1.run(ExecJavaMojo.java:279)
	at java.base/java.lang.Thread.run(Thread.java:1583)
Caused by: de.be4.classicalb.core.parser.exceptions.BCompoundException: Machine name does not match the file name: 'MountainCar' vs 'MountainCarBis'
	at de.be4.classicalb.core.parser.exceptions.BCompoundException.withMissingLocations(BCompoundException.java:71)
	at de.be4.classicalb.core.parser.analysis.prolog.RecursiveMachineLoader.recursivlyLoadMachine(RecursiveMachineLoader.java:336)
	at de.be4.classicalb.core.parser.analysis.prolog.RecursiveMachineLoader.loadAllMachines(RecursiveMachineLoader.java:149)
	at de.be4.classicalb.core.parser.analysis.prolog.RecursiveMachineLoader.loadFromAst(RecursiveMachineLoader.java:99)
	at de.prob.scripting.ClassicalBFactory.extract(ClassicalBFactory.java:70)
	... 10 more
Caused by: de.be4.classicalb.core.parser.exceptions.CheckException: Machine name does not match the file name: 'MountainCar' vs 'MountainCarBis'
	at de.be4.classicalb.core.parser.analysis.prolog.MachineReferencesFinder.caseAMachineHeader(MachineReferencesFinder.java:109)
	at de.be4.classicalb.core.parser.node.AMachineHeader.apply(AMachineHeader.java:46)
	at de.be4.classicalb.core.parser.analysis.prolog.MachineReferencesFinder.caseAAbstractMachineParseUnit(MachineReferencesFinder.java:288)
	at de.be4.classicalb.core.parser.node.AAbstractMachineParseUnit.apply(AAbstractMachineParseUnit.java:51)
	at de.be4.classicalb.core.parser.analysis.DepthFirstAdapter.caseStart(DepthFirstAdapter.java:32)
	at de.be4.classicalb.core.parser.node.Start.apply(Start.java:39)
	at de.be4.classicalb.core.parser.analysis.prolog.MachineReferencesFinder.findReferencedMachines(MachineReferencesFinder.java:84)
	at de.be4.classicalb.core.parser.analysis.prolog.RecursiveMachineLoader.recursivlyLoadMachine(RecursiveMachineLoader.java:248)
	at de.be4.classicalb.core.parser.analysis.prolog.RecursiveMachineLoader.loadMachine(RecursiveMachineLoader.java:162)
	at de.be4.classicalb.core.parser.analysis.prolog.RecursiveMachineLoader.recursivlyLoadMachine(RecursiveMachineLoader.java:334)
	... 13 more
[ERROR] Failed to execute goal org.codehaus.mojo:exec-maven-plugin:3.1.0:java (default-cli) on project rl-lib: An exception occurred while executing the Java class. Cannot invoke "de.prob.statespace.StateSpace.getRoot()" because the return value of "fr.polytech.mnia.Environment.MyProb.getStateSpace()" is null -> [Help 1]
[ERROR] 
[ERROR] To see the full stack trace of the errors, re-run Maven with the -e switch.
[ERROR] Re-run Maven using the -X switch to enable full debug logging.
[ERROR] 
[ERROR] For more information about the errors and possible solutions, please read the following articles:
[ERROR] [Help 1] http://cwiki.apache.org/confluence/display/MAVEN/MojoExecutionException
