Selected algorithm = PRIORITIZED_VALUE_ITERATION
Selected reward strategy = EMBEDDED
Selected environment = Frozen_lakeembedded
Load classical B Machine
Load success
Exploration strategy = PREPROCESS
Start exploration
.Model Checking complete. No error nodes found.Total states: 45

End of exploration 44 | Exploration time: 0.022983474 seconds
Start learning (Prioritized Value Iteration)
Update 100 | last delta: 656.0999999999999
Update 200 | last delta: 1078.4074401000003
Update 300 | last delta: 282.42953648100047
Update 400 | last delta: 254.18658283290006
Update 500 | last delta: 256.66182635786754
Update 600 | last delta: 175.0953191980425
Update 700 | last delta: 80.54320072291011
Update 800 | last delta: 47.10128697246182
Update 900 | last delta: 34.33683820292572
Update 1000 | last delta: 25.27530982985263
Update 1100 | last delta: 20.473000962179867
Update 1200 | last delta: 10.775263664305385
Update 1300 | last delta: 7.9316600440661205
Update 1400 | last delta: 6.424644635691948
Update 1500 | last delta: 5.782180172123844
Update 1600 | last delta: 2.465034704957361
Update 1700 | last delta: 1.4555783429314033
Update 1800 | last delta: 1.0611166119961126
Update 1900 | last delta: 0.7735540101457445
Update 2000 | last delta: 1.0026687944446167
Update 2100 | last delta: 0.3329896365321474
Update 2200 | last delta: 0.24511331485246046
Update 2300 | last delta: 0.27234812761344074
Update 2400 | last delta: 0.10449567633077095
Update 2500 | last delta: 0.07691915544273797
Update 2600 | last delta: 0.04498196224813
Update 2700 | last delta: 0.032791850479043205
Update 2800 | last delta: 0.021514733098229044
Update 2900 | last delta: 0.017596635548216
Execution time (Prioritized VI): 0.083070153 seconds
Total updates performed: 2994
Nb states discovered (env): 44
Interactive play is only supported for TicTacToe. Skipping step-by-step display.
