Selected algorithm = PRIORITIZED_VALUE_ITERATION
Selected reward strategy = ONCEANDFORALL
Selected environment = Frozen_lake
Load classical B Machine
Load success
Exploration strategy = PREPROCESS
Start exploration
.Model Checking complete. No error nodes found.Total states: 45

End of exploration 44 | Exploration time: 0.01848475 seconds
Start learning (Prioritized Value Iteration)
Update 100 | last delta: 1296.1845990000002
Update 200 | last delta: 478.2969000000003
Update 300 | last delta: 391.1931509798337
Update 400 | last delta: 316.86645229366513
Update 500 | last delta: 150.0946352969986
Update 600 | last delta: 122.76055589530733
Update 700 | last delta: 64.61081889226625
Update 800 | last delta: 47.10128697246182
Update 900 | last delta: 47.55995459487167
Update 1000 | last delta: 20.275559590445482
Update 1100 | last delta: 13.302794647290284
Update 1200 | last delta: 14.924817701429674
Update 1300 | last delta: 7.069650490151616
Update 1400 | last delta: 5.782180172123844
Update 1500 | last delta: 4.6835659394200775
Update 1600 | last delta: 2.2185312344627164
Update 1700 | last delta: 2.016121562794069
Update 1800 | last delta: 1.0611166119961126
Update 1900 | last delta: 0.7735540101457445
Update 2000 | last delta: 0.7810868017404573
Update 2100 | last delta: 0.3329896365321474
Update 2200 | last delta: 0.4795733761093288
Update 2300 | last delta: 0.17696434542813222
Update 2400 | last delta: 0.14473696128789015
Update 2500 | last delta: 0.1302632651586464
Update 2600 | last delta: 0.05553328672613134
Update 2700 | last delta: 0.04541999209777714
Update 2800 | last delta: 0.04087799288754468
Update 2900 | last delta: 0.026820051132744993
Update 3000 | last delta: 0.012704234748525778
Execution time (Prioritized VI): 57.298845767 seconds
Total updates performed: 3069
Nb states discovered (env): 44
Interactive play is only supported for TicTacToe. Skipping step-by-step display.
