Selected algorithm = POLICY_ITERATION
Selected reward strategy = ONCEANDFORALL
Selected environment = Mountain_Car
Load classical B Machine
Load success
Exploration strategy = PREPROCESS
Start exploration
........Model Checking complete. No error nodes found.Total states: 12049

End of exploration 12048 | Exploration time: 3.868301533 seconds
Start learning
Iteration: 1 | policy stable: false
Iteration: 2 | policy stable: false
Iteration: 3 | policy stable: false
Iteration: 4 | policy stable: false
Iteration: 5 | policy stable: false
Iteration: 6 | policy stable: false
Iteration: 7 | policy stable: false
Iteration: 8 | policy stable: false
Iteration: 9 | policy stable: false
Iteration: 10 | policy stable: false
