Selected algorithm = PRIORITIZED_VALUE_ITERATION
Selected reward strategy = ONCEANDFORALL
Selected environment = Frozen_lake
Load classical B Machine
Load success
Exploration strategy = RECURSIVE
Start exploration

End of exploration 43 | Exploration time: 0.043729691 seconds
Start learning (Prioritized Value Iteration)
Update 100 | last delta: 729.0
Update 200 | last delta: 536.6161193139005
Update 300 | last delta: 313.8105960900002
Update 400 | last delta: 228.76792454961014
Update 500 | last delta: 187.10647141488516
Update 600 | last delta: 98.4770902183609
Update 700 | last delta: 71.78979876918493
Update 800 | last delta: 58.14973700304108
Update 900 | last delta: 42.80395913538541
Update 1000 | last delta: 25.03155504993265
Update 1100 | last delta: 14.780882941433447
Update 1200 | last delta: 16.583130779366
Update 1300 | last delta: 8.727963568087944
Update 1400 | last delta: 6.362685441135909
Update 1500 | last delta: 8.247214877082115
Update 1600 | last delta: 2.7389274499528256
Update 1700 | last delta: 2.489038966411499
Update 1800 | last delta: 1.4697526192749137
Update 1900 | last delta: 0.7735540101457445
Update 2000 | last delta: 0.5639208733955456
Update 2100 | last delta: 0.41109831670655694
Update 2200 | last delta: 0.3026090306802871
Update 2300 | last delta: 0.24511331485246046
Update 2400 | last delta: 0.12900700781756314
Update 2500 | last delta: 0.2293784591156509
Update 2600 | last delta: 0.07691915544455696
Update 2700 | last delta: 0.12530130421691865
Update 2800 | last delta: 0.026561398886769894
Update 2900 | last delta: 0.021514733098229044
Update 3000 | last delta: 0.017596635549125494
Execution time (Prioritized VI): 54.667622669 seconds
Total updates performed: 3087
Nb states discovered (env): 43
Interactive play is only supported for TicTacToe. Skipping step-by-step display.
